Rank Wise names list of Year: 1994
Rank:    1
	Boy :             Michael
	Girl:             Jessica
Rank:    2
	Boy :         Christopher
	Girl:              Ashley
Rank:    3
	Boy :             Matthew
	Girl:               Emily
Rank:    4
	Boy :              Joshua
	Girl:            Samantha
Rank:    5
	Boy :               Tyler
	Girl:               Sarah
Rank:    6
	Boy :             Brandon
	Girl:              Taylor
Rank:    7
	Boy :               Jacob
	Girl:            Brittany
Rank:    8
	Boy :              Daniel
	Girl:              Amanda
Rank:    9
	Boy :            Nicholas
	Girl:           Elizabeth
Rank:   10
	Boy :              Andrew
	Girl:               Megan
Rank:   11
	Boy :              Joseph
	Girl:              Nicole
Rank:   12
	Boy :             Zachary
	Girl:               Kayla
Rank:   13
	Boy :               David
	Girl:              Rachel
Rank:   14
	Boy :               James
	Girl:              Lauren
Rank:   15
	Boy :                John
	Girl:           Stephanie
Rank:   16
	Boy :                Ryan
	Girl:              Hannah
Rank:   17
	Boy :              Austin
	Girl:            Jennifer
Rank:   18
	Boy :             Anthony
	Girl:              Alexis
Rank:   19
	Boy :             William
	Girl:            Victoria
Rank:   20
	Boy :              Justin
	Girl:            Danielle
Rank:   21
	Boy :              Robert
	Girl:               Amber
Rank:   22
	Boy :           Alexander
	Girl:            Courtney
Rank:   23
	Boy :            Jonathan
	Girl:             Jasmine
Rank:   24
	Boy :                Kyle
	Girl:             Rebecca
Rank:   25
	Boy :                Cody
	Girl:              Morgan
Rank:   26
	Boy :               Kevin
	Girl:              Alyssa
Rank:   27
	Boy :              Thomas
	Girl:             Brianna
Rank:   28
	Boy :               Aaron
	Girl:           Alexandra
Rank:   29
	Boy :              Jordan
	Girl:              Kelsey
Rank:   30
	Boy :                Eric
	Girl:           Katherine
Rank:   31
	Boy :            Benjamin
	Girl:             Melissa
Rank:   32
	Boy :               Dylan
	Girl:            Kimberly
Rank:   33
	Boy :              Samuel
	Girl:            Michelle
Rank:   34
	Boy :              Steven
	Girl:             Allison
Rank:   35
	Boy :           Christian
	Girl:             Tiffany
Rank:   36
	Boy :                Jose
	Girl:               Haley
Rank:   37
	Boy :               Brian
	Girl:                Mary
Rank:   38
	Boy :                Adam
	Girl:             Chelsea
Rank:   39
	Boy :             Timothy
	Girl:           Christina
Rank:   40
	Boy :              Nathan
	Girl:              Shelby
Rank:   41
	Boy :             Richard
	Girl:                Anna
Rank:   42
	Boy :             Patrick
	Girl:             Abigail
Rank:   43
	Boy :             Charles
	Girl:                Sara
Rank:   44
	Boy :                Sean
	Girl:             Heather
Rank:   45
	Boy :               Jesse
	Girl:                Erin
Rank:   46
	Boy :               Jason
	Girl:               Laura
Rank:   47
	Boy :              Jeremy
	Girl:               Maria
Rank:   48
	Boy :                Mark
	Girl:             Kaitlyn
Rank:   49
	Boy :             Stephen
	Girl:              Andrea
Rank:   50
	Boy :                Alex
	Girl:              Olivia
Rank:   51
	Boy :                Juan
	Girl:              Jordan
Rank:   52
	Boy :             Cameron
	Girl:             Madison
Rank:   53
	Boy :              Travis
	Girl:             Marissa
Rank:   54
	Boy :              Taylor
	Girl:              Brooke
Rank:   55
	Boy :             Jeffrey
	Girl:             Kristen
Rank:   56
	Boy :              Dustin
	Girl:             Natalie
Rank:   57
	Boy :              Trevor
	Girl:               Erica
Rank:   58
	Boy :                Luis
	Girl:             Katelyn
Rank:   59
	Boy :              Connor
	Girl:             Vanessa
Rank:   60
	Boy :               Caleb
	Girl:             Shannon
Rank:   61
	Boy :               Devin
	Girl:             Miranda
Rank:   62
	Boy :                Evan
	Girl:               Kelly
Rank:   63
	Boy :               Jared
	Girl:               Paige
Rank:   64
	Boy :                Paul
	Girl:          Jacqueline
Rank:   65
	Boy :             Kenneth
	Girl:             Crystal
Rank:   66
	Boy :               Bryan
	Girl:           Cassandra
Rank:   67
	Boy :              Hunter
	Girl:           Gabrielle
Rank:   68
	Boy :             Gabriel
	Girl:              Briana
Rank:   69
	Boy :              Dakota
	Girl:             Lindsey
Rank:   70
	Boy :               Logan
	Girl:               Katie
Rank:   71
	Boy :            Mitchell
	Girl:              Sierra
Rank:   72
	Boy :              Carlos
	Girl:          Alexandria
Rank:   73
	Boy :               Corey
	Girl:               Julia
Rank:   74
	Boy :                 Ian
	Girl:              Mariah
Rank:   75
	Boy :              Marcus
	Girl:              Sydney
Rank:   76
	Boy :             Gregory
	Girl:                Emma
Rank:   77
	Boy :               Derek
	Girl:                 Amy
Rank:   78
	Boy :           Nathaniel
	Girl:             Caitlin
Rank:   79
	Boy :               Scott
	Girl:             Kathryn
Rank:   80
	Boy :               Jesus
	Girl:               Jenna
Rank:   81
	Boy :               Blake
	Girl:              Angela
Rank:   82
	Boy :             Garrett
	Girl:            Savannah
Rank:   83
	Boy :             Bradley
	Girl:              Alicia
Rank:   84
	Boy :              Edward
	Girl:             Breanna
Rank:   85
	Boy :              Dalton
	Girl:           Catherine
Rank:   86
	Boy :               Shawn
	Girl:             Destiny
Rank:   87
	Boy :               Peter
	Girl:               Jamie
Rank:   88
	Boy :             Antonio
	Girl:              Monica
Rank:   89
	Boy :               Ethan
	Girl:            Brittney
Rank:   90
	Boy :                Seth
	Girl:               Erika
Rank:   91
	Boy :                Luke
	Girl:             Whitney
Rank:   92
	Boy :               Shane
	Girl:            Madeline
Rank:   93
	Boy :              Victor
	Girl:             Kaitlin
Rank:   94
	Boy :              Miguel
	Girl:            Caroline
Rank:   95
	Boy :               Lucas
	Girl:               Alexa
Rank:   96
	Boy :              Tanner
	Girl:               Molly
Rank:   97
	Boy :             Spencer
	Girl:             Sabrina
Rank:   98
	Boy :              Adrian
	Girl:               Diana
Rank:   99
	Boy :                Erik
	Girl:            Cheyenne
Rank:  100
	Boy :             Vincent
	Girl:              Meghan
Rank:  101
	Boy :              Dillon
	Girl:                Leah
Rank:  102
	Boy :                Cory
	Girl:           Mackenzie
Rank:  103
	Boy :               Isaac
	Girl:               Grace
Rank:  104
	Boy :               Angel
	Girl:           Christine
Rank:  105
	Boy :                Jake
	Girl:             Cynthia
Rank:  106
	Boy :           Alejandro
	Girl:            Margaret
Rank:  107
	Boy :               Brett
	Girl:             Lindsay
Rank:  108
	Boy :                Joel
	Girl:            Angelica
Rank:  109
	Boy :                Alec
	Girl:            Michaela
Rank:  110
	Boy :              George
	Girl:              Bianca
Rank:  111
	Boy :                Cole
	Girl:            Veronica
Rank:  112
	Boy :               Jorge
	Girl:               Holly
Rank:  113
	Boy :             Eduardo
	Girl:            Kristina
Rank:  114
	Boy :               Chase
	Girl:            Gabriela
Rank:  115
	Boy :             Raymond
	Girl:             Kristin
Rank:  116
	Boy :               Casey
	Girl:             Bethany
Rank:  117
	Boy :               Devon
	Girl:              Autumn
Rank:  118
	Boy :              Wesley
	Girl:               Casey
Rank:  119
	Boy :             Ricardo
	Girl:              Hailey
Rank:  120
	Boy :           Francisco
	Girl:             Melanie
Rank:  121
	Boy :              Colton
	Girl:              Brenda
Rank:  122
	Boy :                Troy
	Girl:              Brandi
Rank:  123
	Boy :               Oscar
	Girl:                Lisa
Rank:  124
	Boy :               Colin
	Girl:             Rachael
Rank:  125
	Boy :               Mason
	Girl:             Desiree
Rank:  126
	Boy :               Keith
	Girl:              Kendra
Rank:  127
	Boy :                Jack
	Girl:               April
Rank:  128
	Boy :             Dominic
	Girl:               Karen
Rank:  129
	Boy :             Brendan
	Girl:               Julie
Rank:  130
	Boy :                Chad
	Girl:            Kathleen
Rank:  131
	Boy :             Phillip
	Girl:              Leslie
Rank:  132
	Boy :              Donald
	Girl:           Dominique
Rank:  133
	Boy :              Elijah
	Girl:             Natasha
Rank:  134
	Boy :           Johnathan
	Girl:                Kara
Rank:  135
	Boy :              Martin
	Girl:            Patricia
Rank:  136
	Boy :             Derrick
	Girl:              Hayley
Rank:  137
	Boy :              Ronald
	Girl:              Bailey
Rank:  138
	Boy :            Cristian
	Girl:               Carly
Rank:  139
	Boy :              Xavier
	Girl:             Cassidy
Rank:  140
	Boy :              Julian
	Girl:              Karina
Rank:  141
	Boy :               Frank
	Girl:              Summer
Rank:  142
	Boy :               Mario
	Girl:                Tori
Rank:  143
	Boy :              Manuel
	Girl:                 Ana
Rank:  144
	Boy :                Alan
	Girl:               Ariel
Rank:  145
	Boy :                Omar
	Girl:               Nancy
Rank:  146
	Boy :               Henry
	Girl:                Tara
Rank:  147
	Boy :               Edgar
	Girl:           Alejandra
Rank:  148
	Boy :               Andre
	Girl:              Marisa
Rank:  149
	Boy :             Clayton
	Girl:              Claire
Rank:  150
	Boy :               Bryce
	Girl:             Caitlyn
Rank:  151
	Boy :               Grant
	Girl:             Adriana
Rank:  152
	Boy :              Collin
	Girl:             Rebekah
Rank:  153
	Boy :              Javier
	Girl:              Alison
Rank:  154
	Boy :            Jonathon
	Girl:              Kaylee
Rank:  155
	Boy :              Darius
	Girl:               Chloe
Rank:  156
	Boy :             Douglas
	Girl:               Raven
Rank:  157
	Boy :                Levi
	Girl:             Jocelyn
Rank:  158
	Boy :            Jeremiah
	Girl:               Kylie
Rank:  159
	Boy :                Noah
	Girl:             Valerie
Rank:  160
	Boy :              Sergio
	Girl:           Gabriella
Rank:  161
	Boy :              Hector
	Girl:                Jade
Rank:  162
	Boy :             Roberto
	Girl:              Audrey
Rank:  163
	Boy :              Andres
	Girl:             Katrina
Rank:  164
	Boy :             Nicolas
	Girl:             Krystal
Rank:  165
	Boy :              Johnny
	Girl:              Deanna
Rank:  166
	Boy :             Jackson
	Girl:              Ariana
Rank:  167
	Boy :                Gary
	Girl:                Dana
Rank:  168
	Boy :              Philip
	Girl:             Mikayla
Rank:  169
	Boy :              Isaiah
	Girl:              Meagan
Rank:  170
	Boy :              Curtis
	Girl:             Diamond
Rank:  171
	Boy :                Drew
	Girl:              Sandra
Rank:  172
	Boy :                Ivan
	Girl:           Kassandra
Rank:  173
	Boy :               Brady
	Girl:              Jasmin
Rank:  174
	Boy :            Fernando
	Girl:             Bridget
Rank:  175
	Boy :               Edwin
	Girl:             Monique
Rank:  176
	Boy :              Hayden
	Girl:               Angel
Rank:  177
	Boy :              Dennis
	Girl:               Daisy
Rank:  178
	Boy :               Cesar
	Girl:             Chelsey
Rank:  179
	Boy :               Allen
	Girl:             Kendall
Rank:  180
	Boy :             Zachery
	Girl:              Ashlee
Rank:  181
	Boy :               Ruben
	Girl:             Felicia
Rank:  182
	Boy :             Maxwell
	Girl:              Krista
Rank:  183
	Boy :               Jalen
	Girl:              Joanna
Rank:  184
	Boy :               Marco
	Girl:            Khadijah
Rank:  185
	Boy :               Erick
	Girl:              Sophia
Rank:  186
	Boy :               Randy
	Girl:             Yesenia
Rank:  187
	Boy :              Mathew
	Girl:             Mallory
Rank:  188
	Boy :               Brent
	Girl:               Lydia
Rank:  189
	Boy :                Tony
	Girl:            Mercedes
Rank:  190
	Boy :               Pedro
	Girl:              Jazmin
Rank:  191
	Boy :                 Max
	Girl:             Jillian
Rank:  192
	Boy :             Preston
	Girl:            Mckenzie
Rank:  193
	Boy :               Jerry
	Girl:             Kirsten
Rank:  194
	Boy :               Riley
	Girl:                Gina
Rank:  195
	Boy :              Calvin
	Girl:             Jazmine
Rank:  196
	Boy :               Larry
	Girl:           Priscilla
Rank:  197
	Boy :               Wyatt
	Girl:               Cindy
Rank:  198
	Boy :               Craig
	Girl:             Makayla
Rank:  199
	Boy :                Raul
	Girl:             Claudia
Rank:  200
	Boy :               Colby
	Girl:              Alisha
Rank:  201
	Boy :              Darren
	Girl:              Evelyn
Rank:  202
	Boy :              Rafael
	Girl:             Aaliyah
Rank:  203
	Boy :             Jeffery
	Girl:               Kiara
Rank:  204
	Boy :                Carl
	Girl:                Anne
Rank:  205
	Boy :               Ricky
	Girl:              Cierra
Rank:  206
	Boy :               Louis
	Girl:            Ashleigh
Rank:  207
	Boy :               Tevin
	Girl:             Colleen
Rank:  208
	Boy :               Jaime
	Girl:               Ciara
Rank:  209
	Boy :              Albert
	Girl:               Lacey
Rank:  210
	Boy :               Jimmy
	Girl:             Allyson
Rank:  211
	Boy :          Kristopher
	Girl:             Tabitha
Rank:  212
	Boy :                Trey
	Girl:              Denise
Rank:  213
	Boy :                Marc
	Girl:                Abby
Rank:  214
	Boy :              Skyler
	Girl:              Brandy
Rank:  215
	Boy :              Damian
	Girl:           Guadalupe
Rank:  216
	Boy :              Chance
	Girl:                 Zoe
Rank:  217
	Boy :             Forrest
	Girl:               Ellen
Rank:  218
	Boy :            Harrison
	Girl:               Faith
Rank:  219
	Boy :               Kaleb
	Girl:              Marina
Rank:  220
	Boy :               Julio
	Girl:            Cristina
Rank:  221
	Boy :             Alberto
	Girl:               Linda
Rank:  222
	Boy :              Dallas
	Girl:            Isabella
Rank:  223
	Boy :           Sebastian
	Girl:             Nichole
Rank:  224
	Boy :             Trenton
	Girl:              Jaclyn
Rank:  225
	Boy :              Conner
	Girl:               Karla
Rank:  226
	Boy :             Armando
	Girl:              Amelia
Rank:  227
	Boy :              Alexis
	Girl:              Jessie
Rank:  228
	Boy :                Gage
	Girl:                Rosa
Rank:  229
	Boy :            Emmanuel
	Girl:               Mayra
Rank:  230
	Boy :             Gerardo
	Girl:            Meredith
Rank:  231
	Boy :               Danny
	Girl:             Carolyn
Rank:  232
	Boy :             Zackary
	Girl:              Maggie
Rank:  233
	Boy :             Micheal
	Girl:                Hope
Rank:  234
	Boy :             Russell
	Girl:                Asia
Rank:  235
	Boy :           Shaquille
	Girl:               Naomi
Rank:  236
	Boy :            Lawrence
	Girl:            Clarissa
Rank:  237
	Boy :               Diego
	Girl:               Hanna
Rank:  238
	Boy :              Parker
	Girl:             Daniela
Rank:  239
	Boy :           Dominique
	Girl:              Carmen
Rank:  240
	Boy :               Jamal
	Girl:             Justine
Rank:  241
	Boy :               Terry
	Girl:               Tessa
Rank:  242
	Boy :             Abraham
	Girl:             Tatiana
Rank:  243
	Boy :                 Joe
	Girl:              Isabel
Rank:  244
	Boy :              Rodney
	Girl:               Wendy
Rank:  245
	Boy :               Jonah
	Girl:              Katlyn
Rank:  246
	Boy :               Micah
	Girl:              Tamara
Rank:  247
	Boy :                Kody
	Girl:                Maya
Rank:  248
	Boy :              Arthur
	Girl:               Kasey
Rank:  249
	Boy :              Landon
	Girl:               Kiana
Rank:  250
	Boy :             Deandre
	Girl:              Alexus
Rank:  251
	Boy :              Walter
	Girl:              Raquel
Rank:  252
	Boy :                Todd
	Girl:                Bria
Rank:  253
	Boy :              Marcos
	Girl:              Aubrey
Rank:  254
	Boy :               Bobby
	Girl:             Candace
Rank:  255
	Boy :               Billy
	Girl:              Teresa
Rank:  256
	Boy :               Gavin
	Girl:              Ashlyn
Rank:  257
	Boy :               Lance
	Girl:               Tiara
Rank:  258
	Boy :                Andy
	Girl:              Kelsie
Rank:  259
	Boy :               Nolan
	Girl:             Celeste
Rank:  260
	Boy :               Avery
	Girl:              Alissa
Rank:  261
	Boy :             Donovan
	Girl:             Theresa
Rank:  262
	Boy :                 Jay
	Girl:            Katelynn
Rank:  263
	Boy :            Nickolas
	Girl:             Britney
Rank:  264
	Boy :               Roger
	Girl:               Kelli
Rank:  265
	Boy :             Enrique
	Girl:                Nina
Rank:  266
	Boy :               Josue
	Girl:               Tyler
Rank:  267
	Boy :             Randall
	Girl:               Renee
Rank:  268
	Boy :               Trent
	Girl:           Jacquelyn
Rank:  269
	Boy :               Ramon
	Girl:            Carolina
Rank:  270
	Boy :             Branden
	Girl:             Genesis
Rank:  271
	Boy :                 Jon
	Girl:                Ruby
Rank:  272
	Boy :              Morgan
	Girl:                Cara
Rank:  273
	Boy :              Arturo
	Girl:               Susan
Rank:  274
	Boy :             Alfredo
	Girl:               Heidi
Rank:  275
	Boy :            Terrance
	Girl:              Carrie
Rank:  276
	Boy :              Jessie
	Girl:              Jordyn
Rank:  277
	Boy :             Malcolm
	Girl:              Miriam
Rank:  278
	Boy :              Damien
	Girl:              Brenna
Rank:  279
	Boy :             Devonte
	Girl:               Janet
Rank:  280
	Boy :              Marvin
	Girl:               Ebony
Rank:  281
	Boy :             Gustavo
	Girl:               Jenny
Rank:  282
	Boy :             Marquis
	Girl:             Arianna
Rank:  283
	Boy :              Israel
	Girl:              Gloria
Rank:  284
	Boy :              Gerald
	Girl:                Toni
Rank:  285
	Boy :               Jamie
	Girl:              Ashton
Rank:  286
	Boy :               Miles
	Girl:             Cecilia
Rank:  287
	Boy :            Giovanni
	Girl:             Camille
Rank:  288
	Boy :             Kendall
	Girl:               Tiana
Rank:  289
	Boy :           Johnathon
	Girl:              Esther
Rank:  290
	Boy :               Eddie
	Girl:           Charlotte
Rank:  291
	Boy :              Willie
	Girl:             Candice
Rank:  292
	Boy :            Theodore
	Girl:              Martha
Rank:  293
	Boy :               Damon
	Girl:           Madeleine
Rank:  294
	Boy :             Maurice
	Girl:            Virginia
Rank:  295
	Boy :            Reginald
	Girl:               Aimee
Rank:  296
	Boy :             Lorenzo
	Girl:                 Tia
Rank:  297
	Boy :                 Lee
	Girl:               Elena
Rank:  298
	Boy :              Josiah
	Girl:             Savanna
Rank:  299
	Boy :           Frederick
	Girl:              Vivian
Rank:  300
	Boy :            Salvador
	Girl:              Selena
Rank:  301
	Boy :           Demetrius
	Girl:               Marie
Rank:  302
	Boy :            Dominick
	Girl:            Angelina
Rank:  303
	Boy :              Bryant
	Girl:               Imani
Rank:  304
	Boy :               Conor
	Girl:             Carissa
Rank:  305
	Boy :                 Eli
	Girl:              Cassie
Rank:  306
	Boy :             Zackery
	Girl:              Dakota
Rank:  307
	Boy :                 Roy
	Girl:            Adrianna
Rank:  308
	Boy :               Malik
	Girl:              Alexia
Rank:  309
	Boy :             Devante
	Girl:               Logan
Rank:  310
	Boy :             Quinton
	Girl:             Lillian
Rank:  311
	Boy :                Ross
	Girl:                Ruth
Rank:  312
	Boy :            Marshall
	Girl:              Darian
Rank:  313
	Boy :              Tyrone
	Girl:             Janelle
Rank:  314
	Boy :                Dean
	Girl:             Mikaela
Rank:  315
	Boy :              Carson
	Girl:              Sharon
Rank:  316
	Boy :               Tommy
	Girl:              Harley
Rank:  317
	Boy :             Ernesto
	Girl:                 Mia
Rank:  318
	Boy :               Elias
	Girl:             Barbara
Rank:  319
	Boy :                  Ty
	Girl:               Stacy
Rank:  320
	Boy :           Zachariah
	Girl:               Helen
Rank:  321
	Boy :            Terrence
	Girl:               Sadie
Rank:  322
	Boy :               Dante
	Girl:               Nikki
Rank:  323
	Boy :              Harley
	Girl:              Kierra
Rank:  324
	Boy :               Shaun
	Girl:           Anastasia
Rank:  325
	Boy :                Zane
	Girl:              Tayler
Rank:  326
	Boy :              Fabian
	Girl:              Kellie
Rank:  327
	Boy :               Pablo
	Girl:              Hunter
Rank:  328
	Boy :               Brock
	Girl:           Nicolette
Rank:  329
	Boy :             Brennan
	Girl:              Stacey
Rank:  330
	Boy :               Bruce
	Girl:              Shayla
Rank:  331
	Boy :              Kelvin
	Girl:              Tierra
Rank:  332
	Boy :             Darrell
	Girl:               Elise
Rank:  333
	Boy :               Wayne
	Girl:               Robin
Rank:  334
	Boy :                Rene
	Girl:               Alana
Rank:  335
	Boy :              Denzel
	Girl:               Carla
Rank:  336
	Boy :             Terrell
	Girl:             Liliana
Rank:  337
	Boy :             Brenden
	Girl:              Shawna
Rank:  338
	Boy :              Jerome
	Girl:               Annie
Rank:  339
	Boy :               Drake
	Girl:                Rose
Rank:  340
	Boy :             Francis
	Girl:             Valeria
Rank:  341
	Boy :              Braden
	Girl:                 Ann
Rank:  342
	Boy :             Brendon
	Girl:             Shanice
Rank:  343
	Boy :             Quentin
	Girl:              Callie
Rank:  344
	Boy :              Nelson
	Girl:               Devin
Rank:  345
	Boy :               Steve
	Girl:           Christian
Rank:  346
	Boy :               Myles
	Girl:             Karissa
Rank:  347
	Boy :              Angelo
	Girl:                 Eva
Rank:  348
	Boy :            Chandler
	Girl:             Melinda
Rank:  349
	Boy :            Franklin
	Girl:              Lorena
Rank:  350
	Boy :                Neil
	Girl:              Pamela
Rank:  351
	Boy :              Tucker
	Girl:               Riley
Rank:  352
	Boy :              Melvin
	Girl:                Kate
Rank:  353
	Boy :                Lane
	Girl:             Chelsie
Rank:  354
	Boy :                Clay
	Girl:               Paola
Rank:  355
	Boy :              Ashton
	Girl:             Deborah
Rank:  356
	Boy :               Simon
	Girl:             Brianne
Rank:  357
	Boy :              Darian
	Girl:            Adrienne
Rank:  358
	Boy :           Guillermo
	Girl:              Melody
Rank:  359
	Boy :             Desmond
	Girl:              Aliyah
Rank:  360
	Boy :                Liam
	Girl:           Elisabeth
Rank:  361
	Boy :              Ronnie
	Girl:                Tina
Rank:  362
	Boy :             Orlando
	Girl:             Justice
Rank:  363
	Boy :              Trevon
	Girl:               Sonia
Rank:  364
	Boy :              Weston
	Girl:             Larissa
Rank:  365
	Boy :                Dale
	Girl:           Francesca
Rank:  366
	Boy :           Mackenzie
	Girl:               Kylee
Rank:  367
	Boy :               Devan
	Girl:             Marisol
Rank:  368
	Boy :               Byron
	Girl:                Jane
Rank:  369
	Boy :             Leonard
	Girl:               Tanya
Rank:  370
	Boy :              Oliver
	Girl:             Chasity
Rank:  371
	Boy :              Ismael
	Girl:               Devon
Rank:  372
	Boy :              Darryl
	Girl:              Alyson
Rank:  373
	Boy :              Eugene
	Girl:               Tania
Rank:  374
	Boy :              Daquan
	Girl:               Sasha
Rank:  375
	Boy :            Kendrick
	Girl:           Esmeralda
Rank:  376
	Boy :            Leonardo
	Girl:             Natalia
Rank:  377
	Boy :               Roman
	Girl:               Kenya
Rank:  378
	Boy :             Esteban
	Girl:              Breana
Rank:  379
	Boy :              Emilio
	Girl:                Kira
Rank:  380
	Boy :             Emanuel
	Girl:                Macy
Rank:  381
	Boy :                Karl
	Girl:              Regina
Rank:  382
	Boy :            Geoffrey
	Girl:              Alaina
Rank:  383
	Boy :              Darien
	Girl:               Donna
Rank:  384
	Boy :              Keegan
	Girl:             Mckenna
Rank:  385
	Boy :             Stanley
	Girl:            Brooklyn
Rank:  386
	Boy :              Warren
	Girl:            Destinee
Rank:  387
	Boy :               Kenny
	Girl:            Kristine
Rank:  388
	Boy :             Rodolfo
	Girl:                Kali
Rank:  389
	Boy :                Saul
	Girl:             Leticia
Rank:  390
	Boy :              Ernest
	Girl:                Lily
Rank:  391
	Boy :               Felix
	Girl:             Bryanna
Rank:  392
	Boy :               Quinn
	Girl:           Josephine
Rank:  393
	Boy :              Graham
	Girl:               Randi
Rank:  394
	Boy :              Keenan
	Girl:             Juliana
Rank:  395
	Boy :                Beau
	Girl:             Christy
Rank:  396
	Boy :              Stefan
	Girl:               Tracy
Rank:  397
	Boy :             Clinton
	Girl:                Kari
Rank:  398
	Boy :              Skylar
	Girl:             Meaghan
Rank:  399
	Boy :                Abel
	Girl:            Precious
Rank:  400
	Boy :              Corbin
	Girl:            Makenzie
Rank:  401
	Boy :              Moises
	Girl:                Kyla
Rank:  402
	Boy :            Sterling
	Girl:               Paula
Rank:  403
	Boy :               Davon
	Girl:              Skylar
Rank:  404
	Boy :             Griffin
	Girl:              Serena
Rank:  405
	Boy :                 Ray
	Girl:                Kyra
Rank:  406
	Boy :               Kyler
	Girl:               India
Rank:  407
	Boy :             Jarrett
	Girl:             Maranda
Rank:  408
	Boy :             Deshawn
	Girl:            Rachelle
Rank:  409
	Boy :              Dwayne
	Girl:              Selina
Rank:  410
	Boy :               Glenn
	Girl:               Taryn
Rank:  411
	Boy :                Kurt
	Girl:              Carley
Rank:  412
	Boy :                 Sam
	Girl:             Frances
Rank:  413
	Boy :                Wade
	Girl:            Kaitlynn
Rank:  414
	Boy :                Joey
	Girl:              Emilee
Rank:  415
	Boy :             Kameron
	Girl:              Sophie
Rank:  416
	Boy :               Harry
	Girl:             Tiffani
Rank:  417
	Boy :              Cedric
	Girl:             Arielle
Rank:  418
	Boy :                Hugo
	Girl:               Ciera
Rank:  419
	Boy :               Alvin
	Girl:               Abbey
Rank:  420
	Boy :              Felipe
	Girl:               Irene
Rank:  421
	Boy :              Carter
	Girl:              Shayna
Rank:  422
	Boy :                Leon
	Girl:               Alice
Rank:  423
	Boy :               Tylor
	Girl:              Celina
Rank:  424
	Boy :               Davis
	Girl:             Cortney
Rank:  425
	Boy :            Gilberto
	Girl:            Kourtney
Rank:  426
	Boy :              Jaquan
	Girl:                 Joy
Rank:  427
	Boy :            Jermaine
	Girl:              Sylvia
Rank:  428
	Boy :               Allan
	Girl:              Kristy
Rank:  429
	Boy :              Rashad
	Girl:            Brittani
Rank:  430
	Boy :                Reid
	Girl:              Kailey
Rank:  431
	Boy :               Jakob
	Girl:              Peyton
Rank:  432
	Boy :             Alfonso
	Girl:            Daniella
Rank:  433
	Boy :              Jordon
	Girl:                Alma
Rank:  434
	Boy :              Elliot
	Girl:               Clara
Rank:  435
	Boy :               Lukas
	Girl:               Kaila
Rank:  436
	Boy :                Dane
	Girl:            Cheyanne
Rank:  437
	Boy :             Sheldon
	Girl:            Kayleigh
Rank:  438
	Boy :              Cooper
	Girl:             Johanna
Rank:  439
	Boy :              Harold
	Girl:               Jaime
Rank:  440
	Boy :               Aidan
	Girl:             Tanisha
Rank:  441
	Boy :                Rudy
	Girl:               Josie
Rank:  442
	Boy :             Braxton
	Girl:             Mariana
Rank:  443
	Boy :            Kristian
	Girl:              Kristi
Rank:  444
	Boy :                Reed
	Girl:            Chandler
Rank:  445
	Boy :              Jarred
	Girl:              Sidney
Rank:  446
	Boy :             Gilbert
	Girl:              Payton
Rank:  447
	Boy :            Marquise
	Girl:             Maritza
Rank:  448
	Boy :                Noel
	Girl:              Elaine
Rank:  449
	Boy :              Tyrell
	Girl:               Robyn
Rank:  450
	Boy :               Javon
	Girl:               Allie
Rank:  451
	Boy :             Nikolas
	Girl:             Michele
Rank:  452
	Boy :             Tristan
	Girl:              Anissa
Rank:  453
	Boy :            Demarcus
	Girl:              Carina
Rank:  454
	Boy :                Owen
	Girl:             Christa
Rank:  455
	Boy :              Jarvis
	Girl:             Madelyn
Rank:  456
	Boy :            Clarence
	Girl:             Marlene
Rank:  457
	Boy :              Ramiro
	Girl:               Kiera
Rank:  458
	Boy :             Rogelio
	Girl:            Jeanette
Rank:  459
	Boy :             Elliott
	Girl:             Marilyn
Rank:  460
	Boy :             Stephan
	Girl:           Angelique
Rank:  461
	Boy :                 Ali
	Girl:             Cristal
Rank:  462
	Boy :                 Leo
	Girl:               Nadia
Rank:  463
	Boy :             Rolando
	Girl:              Noelle
Rank:  464
	Boy :              Stuart
	Girl:               Janae
Rank:  465
	Boy :              Alonzo
	Girl:              Yvette
Rank:  466
	Boy :             Justice
	Girl:              Haylee
Rank:  467
	Boy :             Darnell
	Girl:           Katharine
Rank:  468
	Boy :              Bryson
	Girl:             Micaela
Rank:  469
	Boy :              Sawyer
	Girl:               Tasha
Rank:  470
	Boy :               Tomas
	Girl:              Trisha
Rank:  471
	Boy :              Quincy
	Girl:              Ericka
Rank:  472
	Boy :               Brody
	Girl:                Lucy
Rank:  473
	Boy :                Deon
	Girl:               Talia
Rank:  474
	Boy :              Jarrod
	Girl:                Nora
Rank:  475
	Boy :               Donte
	Girl:                Lori
Rank:  476
	Boy :              Alfred
	Girl:              Blanca
Rank:  477
	Boy :             Charlie
	Girl:               Elisa
Rank:  478
	Boy :               Nigel
	Girl:             Haleigh
Rank:  479
	Boy :              Marlon
	Girl:            Katarina
Rank:  480
	Boy :               Ariel
	Girl:             Chantel
Rank:  481
	Boy :              Keaton
	Girl:              Yvonne
Rank:  482
	Boy :              Deonte
	Girl:             Kaleigh
Rank:  483
	Boy :              Kurtis
	Girl:                Iris
Rank:  484
	Boy :               Chris
	Girl:               Avery
Rank:  485
	Boy :                 Noe
	Girl:               Dalia
Rank:  486
	Boy :            Roderick
	Girl:              Simone
Rank:  487
	Boy :               Lewis
	Girl:           Margarita
Rank:  488
	Boy :               Clint
	Girl:                Jada
Rank:  489
	Boy :               Ralph
	Girl:               Sofia
Rank:  490
	Boy :                 Tre
	Girl:             Viviana
Rank:  491
	Boy :             Rodrigo
	Girl:               Paris
Rank:  492
	Boy :              Jayson
	Girl:             Corinne
Rank:  493
	Boy :              Garret
	Girl:               Carol
Rank:  494
	Boy :                Bret
	Girl:               Edith
Rank:  495
	Boy :             Bernard
	Girl:             Lyndsey
Rank:  496
	Boy :              Damion
	Girl:             Maribel
Rank:  497
	Boy :               Barry
	Girl:             Desirae
Rank:  498
	Boy :             Mitchel
	Girl:              Moriah
Rank:  499
	Boy :              Derick
	Girl:              Kelley
Rank:  500
	Boy :           Nathanael
	Girl:            Stefanie
Rank:  501
	Boy :               Tyson
	Girl:              Shaina
Rank:  502
	Boy :              Blaine
	Girl:              Gianna
Rank:  503
	Boy :              Payton
	Girl:              Susana
Rank:  504
	Boy :             Shannon
	Girl:              Alanna
Rank:  505
	Boy :              Austen
	Girl:              Tianna
Rank:  506
	Boy :                Kory
	Girl:            Casandra
Rank:  507
	Boy :            Clifford
	Girl:              Judith
Rank:  508
	Boy :              Markus
	Girl:              Laurel
Rank:  509
	Boy :              Sidney
	Girl:               Misty
Rank:  510
	Boy :              Julius
	Girl:            Stephany
Rank:  511
	Boy :            Santiago
	Girl:             Kadijah
Rank:  512
	Boy :              Duncan
	Girl:              Emilie
Rank:  513
	Boy :               Kelly
	Girl:               Itzel
Rank:  514
	Boy :             Grayson
	Girl:               Sandy
Rank:  515
	Boy :                Brad
	Girl:             Delaney
Rank:  516
	Boy :              Efrain
	Girl:             Charity
Rank:  517
	Boy :              Raheem
	Girl:               Kaley
Rank:  518
	Boy :                Earl
	Girl:               Kelsi
Rank:  519
	Boy :                Kirk
	Girl:               Perla
Rank:  520
	Boy :            Mauricio
	Girl:                 Ivy
Rank:  521
	Boy :          Maximilian
	Girl:            Kiersten
Rank:  522
	Boy :              Dequan
	Girl:                Tess
Rank:  523
	Boy :              Howard
	Girl:           Bridgette
Rank:  524
	Boy :             Vicente
	Girl:             Kennedy
Rank:  525
	Boy :                Baby
	Girl:             Lizbeth
Rank:  526
	Boy :              Darion
	Girl:          Alexandrea
Rank:  527
	Boy :               Lamar
	Girl:              Dallas
Rank:  528
	Boy :             Dashawn
	Girl:             Yolanda
Rank:  529
	Boy :               Heath
	Girl:              Hallie
Rank:  530
	Boy :              Khalil
	Girl:              Bonnie
Rank:  531
	Boy :              Dorian
	Girl:              Chanel
Rank:  532
	Boy :             Stephon
	Girl:                Jill
Rank:  533
	Boy :              Wilson
	Girl:             Kassidy
Rank:  534
	Boy :              Walker
	Girl:              Kaylin
Rank:  535
	Boy :               Ahmad
	Girl:              Yasmin
Rank:  536
	Boy :               Perry
	Girl:              Kaylyn
Rank:  537
	Boy :            Humberto
	Girl:            Julianna
Rank:  538
	Boy :              Shelby
	Girl:               Kathy
Rank:  539
	Boy :                Adan
	Girl:              Mollie
Rank:  540
	Boy :              Dwight
	Girl:               Diane
Rank:  541
	Boy :               Isiah
	Girl:               Norma
Rank:  542
	Boy :               Tyree
	Girl:               Alisa
Rank:  543
	Boy :                Dion
	Girl:                 Nia
Rank:  544
	Boy :              Jaylen
	Girl:            Rochelle
Rank:  545
	Boy :              Kareem
	Girl:                Lena
Rank:  546
	Boy :              Peyton
	Girl:            Julianne
Rank:  547
	Boy :             Carlton
	Girl:             Araceli
Rank:  548
	Boy :              Dexter
	Girl:            Isabelle
Rank:  549
	Boy :               Daryl
	Girl:               Rocio
Rank:  550
	Boy :             Antoine
	Girl:               Anita
Rank:  551
	Boy :             Osvaldo
	Girl:             Dorothy
Rank:  552
	Boy :              Gordon
	Girl:              Leanna
Rank:  553
	Boy :             Terence
	Girl:             Breanne
Rank:  554
	Boy :             Addison
	Girl:             Beatriz
Rank:  555
	Boy :              Gunnar
	Girl:             Paulina
Rank:  556
	Boy :               Jaron
	Girl:              Carlie
Rank:  557
	Boy :               Moses
	Girl:           Genevieve
Rank:  558
	Boy :              Colten
	Girl:                Lacy
Rank:  559
	Boy :               Kasey
	Girl:               Karli
Rank:  560
	Boy :               Uriel
	Girl:             Suzanne
Rank:  561
	Boy :              Alvaro
	Girl:               Alina
Rank:  562
	Boy :               Leroy
	Girl:              Janice
Rank:  563
	Boy :                Chaz
	Girl:              Sheila
Rank:  564
	Boy :               Juwan
	Girl:              Alysha
Rank:  565
	Boy :               Korey
	Girl:               Halie
Rank:  566
	Boy :                Amir
	Girl:             Hillary
Rank:  567
	Boy :            Courtney
	Girl:              Kelsea
Rank:  568
	Boy :                Jace
	Girl:                Keri
Rank:  569
	Boy :               Jamar
	Girl:          Antoinette
Rank:  570
	Boy :              Shayne
	Girl:            Charlene
Rank:  571
	Boy :              Roland
	Girl:              Kaylie
Rank:  572
	Boy :              Norman
	Girl:              Fatima
Rank:  573
	Boy :           Salvatore
	Girl:            Rosemary
Rank:  574
	Boy :               Brice
	Girl:               Cayla
Rank:  575
	Boy :                Glen
	Girl:             Katelin
Rank:  576
	Boy :              Lonnie
	Girl:               Karly
Rank:  577
	Boy :             Brenton
	Girl:               Sally
Rank:  578
	Boy :              Leonel
	Girl:               Shana
Rank:  579
	Boy :               Anton
	Girl:              Ashlie
Rank:  580
	Boy :             Darrius
	Girl:             Jacklyn
Rank:  581
	Boy :               Deion
	Girl:                Alex
Rank:  582
	Boy :             Davonte
	Girl:              Corina
Rank:  583
	Boy :            Fredrick
	Girl:                Dawn
Rank:  584
	Boy :            Mohammad
	Girl:             Eleanor
Rank:  585
	Boy :              Freddy
	Girl:               Zhane
Rank:  586
	Boy :              Adolfo
	Girl:            Rhiannon
Rank:  587
	Boy :              Travon
	Girl:              Maegan
Rank:  588
	Boy :             Brayden
	Girl:               Noemi
Rank:  589
	Boy :               Issac
	Girl:               Dulce
Rank:  590
	Boy :                Toby
	Girl:             Ashlynn
Rank:  591
	Boy :              Darrin
	Girl:              Skyler
Rank:  592
	Boy :                Cade
	Girl:               Lexus
Rank:  593
	Boy :             Coleman
	Girl:               Eliza
Rank:  594
	Boy :             Dimitri
	Girl:             Shirley
Rank:  595
	Boy :             Solomon
	Girl:              Karlie
Rank:  596
	Boy :               Deven
	Girl:                 Lea
Rank:  597
	Boy :             Quintin
	Girl:               Lucia
Rank:  598
	Boy :               Jamel
	Girl:              Shelbi
Rank:  599
	Boy :                Kent
	Girl:              Connie
Rank:  600
	Boy :              Cullen
	Girl:             Roxanne
Rank:  601
	Boy :              Dillan
	Girl:                Sade
Rank:  602
	Boy :             Agustin
	Girl:               Tonya
Rank:  603
	Boy :             Frankie
	Girl:               Joyce
Rank:  604
	Boy :              Holden
	Girl:             Juanita
Rank:  605
	Boy :                Coty
	Girl:             Savanah
Rank:  606
	Boy :           Kristofer
	Girl:                Mara
Rank:  607
	Boy :            Reynaldo
	Girl:            Nathalie
Rank:  608
	Boy :                Jean
	Girl:             Beverly
Rank:  609
	Boy :             Joaquin
	Girl:              Eileen
Rank:  610
	Boy :              Conrad
	Girl:            Kasandra
Rank:  611
	Boy :             Devonta
	Girl:             Mckayla
Rank:  612
	Boy :                Neal
	Girl:               Regan
Rank:  613
	Boy :               Lloyd
	Girl:             Giselle
Rank:  614
	Boy :            Mohammed
	Girl:               Rikki
Rank:  615
	Boy :                 Ben
	Girl:              Karlee
Rank:  616
	Boy :             Ezekiel
	Girl:              Elaina
Rank:  617
	Boy :                Mike
	Girl:              Keisha
Rank:  618
	Boy :           Nathanial
	Girl:                Ryan
Rank:  619
	Boy :             Everett
	Girl:              Heaven
Rank:  620
	Boy :              Lamont
	Girl:              Yadira
Rank:  621
	Boy :           Guadalupe
	Girl:               Jesse
Rank:  622
	Boy :                Aron
	Girl:             Shantel
Rank:  623
	Boy :              Milton
	Girl:               Clare
Rank:  624
	Boy :              Cortez
	Girl:               Reyna
Rank:  625
	Boy :              Dandre
	Girl:               Aisha
Rank:  626
	Boy :           Rigoberto
	Girl:               Kacie
Rank:  627
	Boy :               Tracy
	Girl:               Abbie
Rank:  628
	Boy :                Kane
	Girl:               Kalyn
Rank:  629
	Boy :           Cornelius
	Girl:              Shanna
Rank:  630
	Boy :               Jaden
	Girl:                Katy
Rank:  631
	Boy :              Nestor
	Girl:              Bobbie
Rank:  632
	Boy :             Houston
	Girl:             Cameron
Rank:  633
	Boy :             Malachi
	Girl:               Loren
Rank:  634
	Boy :               Clark
	Girl:               Kerri
Rank:  635
	Boy :              Vernon
	Girl:               Brook
Rank:  636
	Boy :             Clifton
	Girl:             Darlene
Rank:  637
	Boy :                Rick
	Girl:              Hailee
Rank:  638
	Boy :              Arnold
	Girl:                Kori
Rank:  639
	Boy :              Hakeem
	Girl:             Georgia
Rank:  640
	Boy :             Ignacio
	Girl:              Thalia
Rank:  641
	Boy :              Marcel
	Girl:               Kerry
Rank:  642
	Boy :               Ahmed
	Girl:              Rebeca
Rank:  643
	Boy :               Irvin
	Girl:             Annette
Rank:  644
	Boy :                Tate
	Girl:               Angie
Rank:  645
	Boy :              Brooks
	Girl:             Yasmine
Rank:  646
	Boy :               Dusty
	Girl:                 Luz
Rank:  647
	Boy :               Darin
	Girl:              Lucero
Rank:  648
	Boy :               Duane
	Girl:               Blair
Rank:  649
	Boy :              Gerard
	Girl:             Latisha
Rank:  650
	Boy :            Deangelo
	Girl:             Montana
Rank:  651
	Boy :             Raphael
	Girl:              Shauna
Rank:  652
	Boy :                Fred
	Girl:             Mariela
Rank:  653
	Boy :              Jaleel
	Girl:              Alayna
Rank:  654
	Boy :              Rickey
	Girl:                Cora
Rank:  655
	Boy :                Colt
	Girl:               Tammy
Rank:  656
	Boy :              Forest
	Girl:              Leanne
Rank:  657
	Boy :               Reece
	Girl:                Tyra
Rank:  658
	Boy :              German
	Girl:                Jena
Rank:  659
	Boy :              Trever
	Girl:             Tabatha
Rank:  660
	Boy :                Will
	Girl:               Carli
Rank:  661
	Boy :             Shaquan
	Girl:              Katlin
Rank:  662
	Boy :             Bennett
	Girl:              Silvia
Rank:  663
	Boy :            Bradford
	Girl:             Brittni
Rank:  664
	Boy :            Ladarius
	Girl:                Jodi
Rank:  665
	Boy :             Winston
	Girl:             Clarisa
Rank:  666
	Boy :             Brennen
	Girl:               Darby
Rank:  667
	Boy :                Gino
	Girl:               Iesha
Rank:  668
	Boy :               Jairo
	Girl:             Justina
Rank:  669
	Boy :             Jamison
	Girl:              Aurora
Rank:  670
	Boy :             Mohamed
	Girl:                Rita
Rank:  671
	Boy :            Bernardo
	Girl:             Antonia
Rank:  672
	Boy :            Ezequiel
	Girl:              Stacie
Rank:  673
	Boy :             Herbert
	Girl:                Kala
Rank:  674
	Boy :              Jimmie
	Girl:                 Ali
Rank:  675
	Boy :               Kerry
	Girl:                Beth
Rank:  676
	Boy :            Raymundo
	Girl:                Demi
Rank:  677
	Boy :              Reuben
	Girl:            Christie
Rank:  678
	Boy :             Madison
	Girl:              Ayanna
Rank:  679
	Boy :                 Don
	Girl:             Janessa
Rank:  680
	Boy :             Brandyn
	Girl:            Christen
Rank:  681
	Boy :             Estevan
	Girl:                Skye
Rank:  682
	Boy :              Kieran
	Girl:               Bobbi
Rank:  683
	Boy :              Aubrey
	Girl:              Cheryl
Rank:  684
	Boy :                Keon
	Girl:               Debra
Rank:  685
	Boy :               Robin
	Girl:               Sonya
Rank:  686
	Boy :           Heriberto
	Girl:               Kiley
Rank:  687
	Boy :             Jameson
	Girl:              Stevie
Rank:  688
	Boy :                Kade
	Girl:             Maureen
Rank:  689
	Boy :           Zechariah
	Girl:             Myranda
Rank:  690
	Boy :            Thaddeus
	Girl:                Ella
Rank:  691
	Boy :               Jovan
	Girl:             Tatyana
Rank:  692
	Boy :              Antwan
	Girl:                Cori
Rank:  693
	Boy :           Jefferson
	Girl:             Denisha
Rank:  694
	Boy :             Dillion
	Girl:           Jaqueline
Rank:  695
	Boy :                Ezra
	Girl:             Octavia
Rank:  696
	Boy :               Akeem
	Girl:               Celia
Rank:  697
	Boy :              Pierce
	Girl:                Eden
Rank:  698
	Boy :                Rory
	Girl:             Madalyn
Rank:  699
	Boy :               Codey
	Girl:              Lauryn
Rank:  700
	Boy :             Darrion
	Girl:                Baby
Rank:  701
	Boy :               Loren
	Girl:              Jennie
Rank:  702
	Boy :               Sammy
	Girl:               Halle
Rank:  703
	Boy :               Dylon
	Girl:              Karley
Rank:  704
	Boy :             Freddie
	Girl:              Reagan
Rank:  705
	Boy :               Paris
	Girl:              Arlene
Rank:  706
	Boy :              Ulises
	Girl:               Maura
Rank:  707
	Boy :              Hassan
	Girl:             Brandie
Rank:  708
	Boy :               Arron
	Girl:               Aspen
Rank:  709
	Boy :             Cordell
	Girl:               Devan
Rank:  710
	Boy :             Johnnie
	Girl:            Kristian
Rank:  711
	Boy :               Jonas
	Girl:             Fabiola
Rank:  712
	Boy :               Kaden
	Girl:               Jayme
Rank:  713
	Boy :               Kolby
	Girl:             Latasha
Rank:  714
	Boy :                 Kai
	Girl:              Melina
Rank:  715
	Boy :             Brandan
	Girl:          Christiana
Rank:  716
	Boy :                Jeff
	Girl:           Domonique
Rank:  717
	Boy :               Moshe
	Girl:           Gwendolyn
Rank:  718
	Boy :             Rashawn
	Girl:             Jenifer
Rank:  719
	Boy :              Vaughn
	Girl:             Racheal
Rank:  720
	Boy :              Irving
	Girl:            Destiney
Rank:  721
	Boy :              Khalid
	Girl:              Gladys
Rank:  722
	Boy :              Davion
	Girl:                Lara
Rank:  723
	Boy :                Gene
	Girl:               Leigh
Rank:  724
	Boy :              Santos
	Girl:              Lesley
Rank:  725
	Boy :                Cruz
	Girl:               Micah
Rank:  726
	Boy :             Javonte
	Girl:              Carlee
Rank:  727
	Boy :              Leslie
	Girl:              Helena
Rank:  728
	Boy :             Dakotah
	Girl:                Shea
Rank:  729
	Boy :             Gonzalo
	Girl:              Mikala
Rank:  730
	Boy :              Jasper
	Girl:               Ashly
Rank:  731
	Boy :               Caden
	Girl:               Janie
Rank:  732
	Boy :              Kolton
	Girl:              Joanne
Rank:  733
	Boy :             Donavan
	Girl:             Joselyn
Rank:  734
	Boy :             Stewart
	Girl:               Sarai
Rank:  735
	Boy :            Jamarcus
	Girl:             Shyanne
Rank:  736
	Boy :                Nico
	Girl:             Kristyn
Rank:  737
	Boy :              Pierre
	Girl:              Shelly
Rank:  738
	Boy :                 Guy
	Girl:              Yazmin
Rank:  739
	Boy :                Sage
	Girl:             Breonna
Rank:  740
	Boy :              Lester
	Girl:             Brionna
Rank:  741
	Boy :              Zakary
	Girl:            Gretchen
Rank:  742
	Boy :               Grady
	Girl:               Kacey
Rank:  743
	Boy :              Jackie
	Girl:             Shakira
Rank:  744
	Boy :               Jamil
	Girl:              Daphne
Rank:  745
	Boy :                Dana
	Girl:             Destini
Rank:  746
	Boy :             Donnell
	Girl:           Brittanie
Rank:  747
	Boy :              Donnie
	Girl:              Krysta
Rank:  748
	Boy :                Shea
	Girl:            Yessenia
Rank:  749
	Boy :               Royce
	Girl:               Audra
Rank:  750
	Boy :              August
	Girl:                 Ava
Rank:  751
	Boy :              Dayton
	Girl:               Ayana
Rank:  752
	Boy :              Infant
	Girl:              Dayana
Rank:  753
	Boy :              Isaias
	Girl:                Hali
Rank:  754
	Boy :              Jerrod
	Girl:              Hollie
Rank:  755
	Boy :               Keanu
	Girl:               Elyse
Rank:  756
	Boy :                Nick
	Girl:               Mandy
Rank:  757
	Boy :              Benito
	Girl:               Betty
Rank:  758
	Boy :                  Bo
	Girl:              Dianna
Rank:  759
	Boy :              Camron
	Girl:               Mindy
Rank:  760
	Boy :                Jade
	Girl:             Lizette
Rank:  761
	Boy :              Jaylon
	Girl:              Ingrid
Rank:  762
	Boy :               Myron
	Girl:               Kenia
Rank:  763
	Boy :              Herman
	Girl:             Kristie
Rank:  764
	Boy :              Bradly
	Girl:            Maddison
Rank:  765
	Boy :               Cyrus
	Girl:             Shelbie
Rank:  766
	Boy :             Darrian
	Girl:             Brielle
Rank:  767
	Boy :               Erich
	Girl:             Emerald
Rank:  768
	Boy :              Bailey
	Girl:              Kendal
Rank:  769
	Boy :              Jabari
	Girl:             Kortney
Rank:  770
	Boy :               Keven
	Girl:             Allyssa
Rank:  771
	Boy :               Rhett
	Girl:            Berenice
Rank:  772
	Boy :               Codie
	Girl:             Kirstin
Rank:  773
	Boy :            Garrison
	Girl:               Juana
Rank:  774
	Boy :               Jarod
	Girl:              Jackie
Rank:  775
	Boy :             Lincoln
	Girl:            Maricela
Rank:  776
	Boy :             Deondre
	Girl:              Danica
Rank:  777
	Boy :               Elvis
	Girl:             Essence
Rank:  778
	Boy :             Montana
	Girl:              Kianna
Rank:  779
	Boy :               Reese
	Girl:               Dayna
Rank:  780
	Boy :              Tobias
	Girl:              Jalisa
Rank:  781
	Boy :               Vance
	Girl:             Janette
Rank:  782
	Boy :               Floyd
	Girl:           Magdalena
Rank:  783
	Boy :             Octavio
	Girl:              Roxana
Rank:  784
	Boy :               Devyn
	Girl:             Gabriel
Rank:  785
	Boy :            Gregorio
	Girl:              Jaimie
Rank:  786
	Boy :              Junior
	Girl:                Jana
Rank:  787
	Boy :               Fidel
	Girl:                Lynn
Rank:  788
	Boy :               Elmer
	Girl:              Salina
Rank:  789
	Boy :             Quinten
	Girl:             Trinity
Rank:  790
	Boy :           Alexandro
	Girl:              Alesha
Rank:  791
	Boy :                Aric
	Girl:             Jessika
Rank:  792
	Boy :             Daulton
	Girl:               Kaela
Rank:  793
	Boy :              Elisha
	Girl:               Liana
Rank:  794
	Boy :               Josef
	Girl:            Shaniqua
Rank:  795
	Boy :               Savon
	Girl:              Joelle
Rank:  796
	Boy :              Adonis
	Girl:               Terri
Rank:  797
	Boy :             Dewayne
	Girl:               Devyn
Rank:  798
	Boy :                 Asa
	Girl:                Sage
Rank:  799
	Boy :                 Dan
	Girl:               Staci
Rank:  800
	Boy :                Rico
	Girl:             Addison
Rank:  801
	Boy :              Jamaal
	Girl:               Ellie
Rank:  802
	Boy :             Bronson
	Girl:            Graciela
Rank:  803
	Boy :              Camden
	Girl:               Terra
Rank:  804
	Boy :               Rocky
	Girl:              Bryana
Rank:  805
	Boy :               Dario
	Girl:               Macey
Rank:  806
	Boy :               Trace
	Girl:            Katerina
Rank:  807
	Boy :                 Ari
	Girl:              Stormy
Rank:  808
	Boy :          Cristopher
	Girl:              Tricia
Rank:  809
	Boy :                 Jim
	Girl:                Zana
Rank:  810
	Boy :              Tayler
	Girl:              Aileen
Rank:  811
	Boy :                Erin
	Girl:               Lacie
Rank:  812
	Boy :                Josh
	Girl:              Athena
Rank:  813
	Boy :                Tory
	Girl:                Ayla
Rank:  814
	Boy :            Anderson
	Girl:             Belinda
Rank:  815
	Boy :                Hugh
	Girl:              Elissa
Rank:  816
	Boy :               Jessy
	Girl:              Kailyn
Rank:  817
	Boy :             Shyheim
	Girl:             Patrice
Rank:  818
	Boy :             Stetson
	Girl:              Phoebe
Rank:  819
	Boy :               Tyron
	Girl:              Celine
Rank:  820
	Boy :              Austyn
	Girl:              Elisha
Rank:  821
	Boy :             Deshaun
	Girl:             Julissa
Rank:  822
	Boy :              Dondre
	Girl:              Kailee
Rank:  823
	Boy :              Jacoby
	Girl:              Alysia
Rank:  824
	Boy :                 Rex
	Girl:                Deja
Rank:  825
	Boy :              Kelsey
	Girl:              Nadine
Rank:  826
	Boy :              Emmett
	Girl:              Sherry
Rank:  827
	Boy :              Justyn
	Girl:               Traci
Rank:  828
	Boy :              Kadeem
	Girl:                Judy
Rank:  829
	Boy :              Leland
	Girl:               Maira
Rank:  830
	Boy :             Markell
	Girl:               Jessi
Rank:  831
	Boy :               Efren
	Girl:              Nataly
Rank:  832
	Boy :             Marquez
	Girl:                Myra
Rank:  833
	Boy :            Menachem
	Girl:                Olga
Rank:  834
	Boy :                 Ted
	Girl:              Adrian
Rank:  835
	Boy :             Unknown
	Girl:              Alycia
Rank:  836
	Boy :               Cecil
	Girl:           Constance
Rank:  837
	Boy :              Kellen
	Girl:               Kalie
Rank:  838
	Boy :              Markel
	Girl:              Billie
Rank:  839
	Boy :              Misael
	Girl:            Catalina
Rank:  840
	Boy :             Rasheed
	Girl:             Marlena
Rank:  841
	Boy :               Alton
	Girl:             Martina
Rank:  842
	Boy :               Blair
	Girl:             Britany
Rank:  843
	Boy :              Harvey
	Girl:            Christin
Rank:  844
	Boy :              Justus
	Girl:            Griselda
Rank:  845
	Boy :               Ellis
	Girl:                Lexi
Rank:  846
	Boy :              Lionel
	Girl:            Marisela
Rank:  847
	Boy :         Maximillian
	Girl:              Ivette
Rank:  848
	Boy :               Abram
	Girl:              Kaycee
Rank:  849
	Boy :                Amos
	Girl:              Kayley
Rank:  850
	Boy :              Dallin
	Girl:            Scarlett
Rank:  851
	Boy :             Edgardo
	Girl:                Kaci
Rank:  852
	Boy :              Jayden
	Girl:          Alessandra
Rank:  853
	Boy :               Khari
	Girl:                Brea
Rank:  854
	Boy :              Dawson
	Girl:              Breann
Rank:  855
	Boy :              Denver
	Girl:             Cecelia
Rank:  856
	Boy :               Jevon
	Girl:              Jazmyn
Rank:  857
	Boy :              Tyquan
	Girl:                Irma
Rank:  858
	Boy :               Rusty
	Girl:                Jami
Rank:  859
	Boy :             Trayvon
	Girl:                 Kia
Rank:  860
	Boy :                Niko
	Girl:              Austin
Rank:  861
	Boy :               Sonny
	Girl:              Tracey
Rank:  862
	Boy :              Alonso
	Girl:               Alysa
Rank:  863
	Boy :               Davin
	Girl:                Asha
Rank:  864
	Boy :              Hernan
	Girl:             Chantal
Rank:  865
	Boy :            Muhammad
	Girl:               Keely
Rank:  866
	Boy :            Augustus
	Girl:                Elsa
Rank:  867
	Boy :               Benny
	Girl:             Kaylynn
Rank:  868
	Boy :               Daron
	Girl:             Pauline
Rank:  869
	Boy :               Mikel
	Girl:             Ashanti
Rank:  870
	Boy :           Remington
	Girl:               Corey
Rank:  871
	Boy :               Silas
	Girl:              Kenzie
Rank:  872
	Boy :            Valentin
	Girl:            Beatrice
Rank:  873
	Boy :             Wendell
	Girl:               Layla
Rank:  874
	Boy :              Antony
	Girl:                Noel
Rank:  875
	Boy :               Clyde
	Girl:              Alecia
Rank:  876
	Boy :              Gunner
	Girl:            Bridgett
Rank:  877
	Boy :             Ibrahim
	Girl:                Dina
Rank:  878
	Boy :               Kelby
	Girl:           Kimberlee
Rank:  879
	Boy :               Kevon
	Girl:             Leandra
Rank:  880
	Boy :               Najee
	Girl:              Sarina
Rank:  881
	Boy :               Talon
	Girl:              Iliana
Rank:  882
	Boy :               Galen
	Girl:               Janay
Rank:  883
	Boy :               Asher
	Girl:              Latoya
Rank:  884
	Boy :             Barrett
	Girl:              Marlee
Rank:  885
	Boy :                Jess
	Girl:                 Aja
Rank:  886
	Boy :                Jody
	Girl:              Ashely
Rank:  887
	Boy :              Jorden
	Girl:              Bailee
Rank:  888
	Boy :             Demetri
	Girl:              Melisa
Rank:  889
	Boy :            Devontae
	Girl:            Anjelica
Rank:  890
	Boy :                Lyle
	Girl:             Katlynn
Rank:  891
	Boy :              Auston
	Girl:               Kayli
Rank:  892
	Boy :                Coby
	Girl:              Sydnee
Rank:  893
	Boy :             Marques
	Girl:                Hana
Rank:  894
	Boy :               Orion
	Girl:              Haylie
Rank:  895
	Boy :             Sherman
	Girl:              Nikole
Rank:  896
	Boy :           Alexandre
	Girl:              Nohely
Rank:  897
	Boy :                Ryne
	Girl:             Yaritza
Rank:  898
	Boy :               Storm
	Girl:               Eboni
Rank:  899
	Boy :              Turner
	Girl:               Laken
Rank:  900
	Boy :               Bryon
	Girl:            Lorraine
Rank:  901
	Boy :                Cain
	Girl:                 Mai
Rank:  902
	Boy :              Dionte
	Girl:              Marley
Rank:  903
	Boy :               Kegan
	Girl:           Kimberley
Rank:  904
	Boy :                Aldo
	Girl:             Makenna
Rank:  905
	Boy :             Andreas
	Girl:            Tiffanie
Rank:  906
	Boy :              Isidro
	Girl:             Damaris
Rank:  907
	Boy :              Jaylin
	Girl:              Emilia
Rank:  908
	Boy :               Titus
	Girl:               Fiona
Rank:  909
	Boy :           Cristobal
	Girl:              Jamila
Rank:  910
	Boy :           Giancarlo
	Girl:            Princess
Rank:  911
	Boy :            Randolph
	Girl:               Rylee
Rank:  912
	Boy :              Dalvin
	Girl:               Macie
Rank:  913
	Boy :              Edmund
	Girl:            Marcella
Rank:  914
	Boy :              Kelton
	Girl:              Vanesa
Rank:  915
	Boy :                Trae
	Girl:               Dylan
Rank:  916
	Boy :               Brant
	Girl:              Mariam
Rank:  917
	Boy :           Broderick
	Girl:              Nikita
Rank:  918
	Boy :               Carlo
	Girl:              Maxine
Rank:  919
	Boy :            Chadwick
	Girl:               Alena
Rank:  920
	Boy :             Jerrell
	Girl:               Chaya
Rank:  921
	Boy :             Kennedy
	Girl:              Jasmyn
Rank:  922
	Boy :               Chaim
	Girl:               Joana
Rank:  923
	Boy :             Darrien
	Girl:              Tyesha
Rank:  924
	Boy :             Domenic
	Girl:              Aubree
Rank:  925
	Boy :                Hans
	Girl:              Carson
Rank:  926
	Boy :               Layne
	Girl:             Lyndsay
Rank:  927
	Boy :               River
	Girl:             Susanna
Rank:  928
	Boy :             Chester
	Girl:           Viridiana
Rank:  929
	Boy :              Kendal
	Girl:            Giovanna
Rank:  930
	Boy :              Kenton
	Girl:              Eunice
Rank:  931
	Boy :               Tavon
	Girl:            Patience
Rank:  932
	Boy :                Codi
	Girl:            Katheryn
Rank:  933
	Boy :              Eliseo
	Girl:              Monika
Rank:  934
	Boy :              Julien
	Girl:              Tiarra
Rank:  935
	Boy :             Rodrick
	Girl:             Yasmeen
Rank:  936
	Boy :             Ulysses
	Girl:           Chantelle
Rank:  937
	Boy :                Alek
	Girl:             Kristal
Rank:  938
	Boy :              Destin
	Girl:             Lourdes
Rank:  939
	Boy :                Kole
	Girl:              Cydney
Rank:  940
	Boy :               Marty
	Girl:               Joann
Rank:  941
	Boy :                Otis
	Girl:              Mattie
Rank:  942
	Boy :               Tyrin
	Girl:               Ricki
Rank:  943
	Boy :              Darwin
	Girl:               Aleah
Rank:  944
	Boy :              Justen
	Girl:                Amie
Rank:  945
	Boy :             Shelton
	Girl:              Geneva
Rank:  946
	Boy :               Kirby
	Girl:               Lexie
Rank:  947
	Boy :              Randal
	Girl:              Mariel
Rank:  948
	Boy :               Tariq
	Girl:            Dominque
Rank:  949
	Boy :               Ryder
	Girl:             Tanesha
Rank:  950
	Boy :              Dakoda
	Girl:               China
Rank:  951
	Boy :             Demarco
	Girl:             Denisse
Rank:  952
	Boy :             Jacques
	Girl:             Leilani
Rank:  953
	Boy :                Axel
	Girl:            Lissette
Rank:  954
	Boy :                Greg
	Girl:              Rhonda
Rank:  955
	Boy :             Tyshawn
	Girl:              Shyann
Rank:  956
	Boy :            Wilfredo
	Girl:            Danyelle
Rank:  957
	Boy :              Ashley
	Girl:                Drew
Rank:  958
	Boy :                Cale
	Girl:             Jerrica
Rank:  959
	Boy :             Demonte
	Girl:              Paloma
Rank:  960
	Boy :               Mikal
	Girl:           Valentina
Rank:  961
	Boy :                Syed
	Girl:              Janine
Rank:  962
	Boy :           Sylvester
	Girl:              Laurie
Rank:  963
	Boy :             Eliezer
	Girl:               Leann
Rank:  964
	Boy :              Samson
	Girl:              Lizeth
Rank:  965
	Boy :               Ervin
	Girl:               Blake
Rank:  966
	Boy :                Male
	Girl:              Kinsey
Rank:  967
	Boy :            Nicklaus
	Girl:             Kirstie
Rank:  968
	Boy :                Pete
	Girl:              Leeann
Rank:  969
	Boy :                Shay
	Girl:             Michael
Rank:  970
	Boy :              Waylon
	Girl:              Porsha
Rank:  971
	Boy :             Westley
	Girl:              Andria
Rank:  972
	Boy :             Darrick
	Girl:              Janell
Rank:  973
	Boy :               Garry
	Girl:                Lana
Rank:  974
	Boy :              Dejuan
	Girl:               Malia
Rank:  975
	Boy :              Genaro
	Girl:               Reina
Rank:  976
	Boy :            Maverick
	Girl:            Valencia
Rank:  977
	Boy :              Morris
	Girl:            Caitlynn
Rank:  978
	Boy :               Samir
	Girl:              Elyssa
Rank:  979
	Boy :            Schuyler
	Girl:               Janel
Rank:  980
	Boy :              Armani
	Girl:               Jodie
Rank:  981
	Boy :             Demario
	Girl:            Kathrine
Rank:  982
	Boy :              Desean
	Girl:               Tatum
Rank:  983
	Boy :                Eddy
	Girl:               Tiera
Rank:  984
	Boy :              Garett
	Girl:             Adilene
Rank:  985
	Boy :              Kahlil
	Girl:           Annamarie
Rank:  986
	Boy :             Spenser
	Girl:               Darcy
Rank:  987
	Boy :              Bryton
	Girl:                Jean
Rank:  988
	Boy :              Dontae
	Girl:            Jessenia
Rank:  989
	Boy :              Jerald
	Girl:              London
Rank:  990
	Boy :             Jonatan
	Girl:               Betsy
Rank:  991
	Boy :              Lazaro
	Girl:              Danika
Rank:  992
	Boy :              Luther
	Girl:                Isis
Rank:  993
	Boy :               Nikko
	Girl:                Mari
Rank:  994
	Boy :               Abdul
	Girl:            Marjorie
Rank:  995
	Boy :             Brannon
	Girl:              Eliana
Rank:  996
	Boy :           Francesco
	Girl:              Fallon
Rank:  997
	Boy :              Mickey
	Girl:              Kallie
Rank:  998
	Boy :            Dominque
	Girl:               Lidia
Rank:  999
	Boy :              Kenyon
	Girl:             Lynette
Rank: 1000
	Boy :              Blaise
	Girl:             Meranda
