Rank Wise names list of Year: 2002
Rank:    1
	Boy :               Jacob
	Girl:               Emily
Rank:    2
	Boy :             Michael
	Girl:             Madison
Rank:    3
	Boy :              Joshua
	Girl:              Hannah
Rank:    4
	Boy :             Matthew
	Girl:                Emma
Rank:    5
	Boy :               Ethan
	Girl:              Alexis
Rank:    6
	Boy :              Andrew
	Girl:              Ashley
Rank:    7
	Boy :              Joseph
	Girl:             Abigail
Rank:    8
	Boy :         Christopher
	Girl:               Sarah
Rank:    9
	Boy :            Nicholas
	Girl:            Samantha
Rank:   10
	Boy :              Daniel
	Girl:              Olivia
Rank:   11
	Boy :             William
	Girl:           Elizabeth
Rank:   12
	Boy :             Anthony
	Girl:              Alyssa
Rank:   13
	Boy :               David
	Girl:              Lauren
Rank:   14
	Boy :               Tyler
	Girl:            Isabella
Rank:   15
	Boy :           Alexander
	Girl:               Grace
Rank:   16
	Boy :                Ryan
	Girl:             Jessica
Rank:   17
	Boy :                John
	Girl:             Brianna
Rank:   18
	Boy :               James
	Girl:              Taylor
Rank:   19
	Boy :             Zachary
	Girl:               Kayla
Rank:   20
	Boy :             Brandon
	Girl:                Anna
Rank:   21
	Boy :            Jonathan
	Girl:            Victoria
Rank:   22
	Boy :              Justin
	Girl:               Megan
Rank:   23
	Boy :               Dylan
	Girl:              Sydney
Rank:   24
	Boy :           Christian
	Girl:              Rachel
Rank:   25
	Boy :              Samuel
	Girl:               Chloe
Rank:   26
	Boy :              Austin
	Girl:             Jasmine
Rank:   27
	Boy :            Benjamin
	Girl:              Sophia
Rank:   28
	Boy :              Nathan
	Girl:            Jennifer
Rank:   29
	Boy :               Logan
	Girl:              Morgan
Rank:   30
	Boy :                Jose
	Girl:             Natalie
Rank:   31
	Boy :                Noah
	Girl:             Kaitlyn
Rank:   32
	Boy :             Gabriel
	Girl:              Hailey
Rank:   33
	Boy :               Kevin
	Girl:               Julia
Rank:   34
	Boy :              Robert
	Girl:             Destiny
Rank:   35
	Boy :               Caleb
	Girl:               Haley
Rank:   36
	Boy :              Thomas
	Girl:           Katherine
Rank:   37
	Boy :              Jordan
	Girl:              Nicole
Rank:   38
	Boy :              Hunter
	Girl:           Alexandra
Rank:   39
	Boy :             Cameron
	Girl:            Savannah
Rank:   40
	Boy :                Kyle
	Girl:               Maria
Rank:   41
	Boy :              Elijah
	Girl:           Stephanie
Rank:   42
	Boy :               Jason
	Girl:           Mackenzie
Rank:   43
	Boy :                Jack
	Girl:                 Mia
Rank:   44
	Boy :               Aaron
	Girl:             Allison
Rank:   45
	Boy :              Isaiah
	Girl:              Jordan
Rank:   46
	Boy :                Luke
	Girl:              Amanda
Rank:   47
	Boy :              Connor
	Girl:               Jenna
Rank:   48
	Boy :               Isaac
	Girl:               Faith
Rank:   49
	Boy :               Angel
	Girl:             Makayla
Rank:   50
	Boy :             Jackson
	Girl:               Paige
Rank:   51
	Boy :               Brian
	Girl:                Mary
Rank:   52
	Boy :                Eric
	Girl:              Brooke
Rank:   53
	Boy :               Mason
	Girl:             Katelyn
Rank:   54
	Boy :                Juan
	Girl:             Rebecca
Rank:   55
	Boy :                Adam
	Girl:            Madeline
Rank:   56
	Boy :                Evan
	Girl:              Andrea
Rank:   57
	Boy :                Luis
	Girl:              Kaylee
Rank:   58
	Boy :             Charles
	Girl:            Michelle
Rank:   59
	Boy :                Sean
	Girl:                Sara
Rank:   60
	Boy :               Aidan
	Girl:                 Zoe
Rank:   61
	Boy :               Gavin
	Girl:               Kylie
Rank:   62
	Boy :                Alex
	Girl:              Sierra
Rank:   63
	Boy :           Nathaniel
	Girl:            Kimberly
Rank:   64
	Boy :               Bryan
	Girl:             Aaliyah
Rank:   65
	Boy :              Carlos
	Girl:               Amber
Rank:   66
	Boy :               Jesus
	Girl:           Gabrielle
Rank:   67
	Boy :                 Ian
	Girl:            Caroline
Rank:   68
	Boy :              Steven
	Girl:             Vanessa
Rank:   69
	Boy :                Cole
	Girl:               Alexa
Rank:   70
	Boy :             Timothy
	Girl:             Trinity
Rank:   71
	Boy :                Cody
	Girl:            Danielle
Rank:   72
	Boy :                Seth
	Girl:                Erin
Rank:   73
	Boy :              Adrian
	Girl:              Autumn
Rank:   74
	Boy :               Devin
	Girl:              Shelby
Rank:   75
	Boy :               Lucas
	Girl:            Angelina
Rank:   76
	Boy :               Blake
	Girl:               Riley
Rank:   77
	Boy :             Richard
	Girl:           Gabriella
Rank:   78
	Boy :              Julian
	Girl:                Jada
Rank:   79
	Boy :             Patrick
	Girl:                Lily
Rank:   80
	Boy :           Sebastian
	Girl:             Melissa
Rank:   81
	Boy :              Trevor
	Girl:          Jacqueline
Rank:   82
	Boy :               Chase
	Girl:                 Ava
Rank:   83
	Boy :             Dominic
	Girl:              Angela
Rank:   84
	Boy :               Jared
	Girl:              Bailey
Rank:   85
	Boy :             Antonio
	Girl:              Isabel
Rank:   86
	Boy :            Jeremiah
	Girl:                Jade
Rank:   87
	Boy :               Jaden
	Girl:                Leah
Rank:   88
	Boy :              Miguel
	Girl:            Courtney
Rank:   89
	Boy :              Xavier
	Girl:                Ella
Rank:   90
	Boy :               Jesse
	Girl:                Maya
Rank:   91
	Boy :             Garrett
	Girl:              Leslie
Rank:   92
	Boy :           Alejandro
	Girl:             Jocelyn
Rank:   93
	Boy :                Mark
	Girl:              Ariana
Rank:   94
	Boy :                Owen
	Girl:             Melanie
Rank:   95
	Boy :              Jeremy
	Girl:              Claire
Rank:   96
	Boy :              Hayden
	Girl:             Lillian
Rank:   97
	Boy :               Bryce
	Girl:           Christina
Rank:   98
	Boy :               Diego
	Girl:              Evelyn
Rank:   99
	Boy :               Riley
	Girl:             Marissa
Rank:  100
	Boy :              Victor
	Girl:              Audrey
Rank:  101
	Boy :              Jayden
	Girl:           Catherine
Rank:  102
	Boy :                Jake
	Girl:              Briana
Rank:  103
	Boy :             Tristan
	Girl:               Katie
Rank:  104
	Boy :             Kenneth
	Girl:             Breanna
Rank:  105
	Boy :              Carson
	Girl:          Alexandria
Rank:  106
	Boy :              Marcus
	Girl:               Laura
Rank:  107
	Boy :              Carter
	Girl:               Molly
Rank:  108
	Boy :              Dakota
	Girl:             Kathryn
Rank:  109
	Boy :               Jorge
	Girl:                 Amy
Rank:  110
	Boy :             Spencer
	Girl:               Angel
Rank:  111
	Boy :              Tanner
	Girl:            Isabelle
Rank:  112
	Boy :               Kaleb
	Girl:               Sofia
Rank:  113
	Boy :                Liam
	Girl:             Daniela
Rank:  114
	Boy :             Stephen
	Girl:             Arianna
Rank:  115
	Boy :               Henry
	Girl:             Ashanti
Rank:  116
	Boy :               Colin
	Girl:            Gabriela
Rank:  117
	Boy :              Dalton
	Girl:               Diana
Rank:  118
	Boy :                Paul
	Girl:              Kelsey
Rank:  119
	Boy :               Wyatt
	Girl:               Kelly
Rank:  120
	Boy :              Edward
	Girl:             Madelyn
Rank:  121
	Boy :               Oscar
	Girl:              Alicia
Rank:  122
	Boy :             Vincent
	Girl:             Lindsey
Rank:  123
	Boy :                Joel
	Girl:             Caitlin
Rank:  124
	Boy :             Brendan
	Girl:             Jillian
Rank:  125
	Boy :               Colby
	Girl:             Mikayla
Rank:  126
	Boy :              Parker
	Girl:           Cassandra
Rank:  127
	Boy :               Grant
	Girl:            Cheyenne
Rank:  128
	Boy :              Colton
	Girl:              Alexia
Rank:  129
	Boy :             Maxwell
	Girl:            Margaret
Rank:  130
	Boy :               Shane
	Girl:              Mariah
Rank:  131
	Boy :              George
	Girl:             Cassidy
Rank:  132
	Boy :             Jeffrey
	Girl:               Avery
Rank:  133
	Boy :             Eduardo
	Girl:             Lizbeth
Rank:  134
	Boy :               Peter
	Girl:                 Ana
Rank:  135
	Boy :               Aiden
	Girl:             Sabrina
Rank:  136
	Boy :                Ivan
	Girl:             Kennedy
Rank:  137
	Boy :             Nicolas
	Girl:               Lydia
Rank:  138
	Boy :             Brayden
	Girl:               Daisy
Rank:  139
	Boy :               Derek
	Girl:              Amelia
Rank:  140
	Boy :                Gage
	Girl:              Skylar
Rank:  141
	Boy :           Francisco
	Girl:             Tiffany
Rank:  142
	Boy :              Landon
	Girl:             Adriana
Rank:  143
	Boy :             Ricardo
	Girl:            Mckenzie
Rank:  144
	Boy :              Travis
	Girl:               Erica
Rank:  145
	Boy :            Cristian
	Girl:                 Mya
Rank:  146
	Boy :               Jalen
	Girl:            Angelica
Rank:  147
	Boy :               Brady
	Girl:             Miranda
Rank:  148
	Boy :              Collin
	Girl:             Caitlyn
Rank:  149
	Boy :             Bradley
	Girl:              Sophie
Rank:  150
	Boy :                Alan
	Girl:               Karen
Rank:  151
	Boy :                Omar
	Girl:              Summer
Rank:  152
	Boy :               Shawn
	Girl:            Brooklyn
Rank:  153
	Boy :               Caden
	Girl:              Gracie
Rank:  154
	Boy :              Josiah
	Girl:             Crystal
Rank:  155
	Boy :             Preston
	Girl:              Jordyn
Rank:  156
	Boy :                Erik
	Girl:               Kiara
Rank:  157
	Boy :              Javier
	Girl:             Valerie
Rank:  158
	Boy :              Andres
	Girl:              Ashlyn
Rank:  159
	Boy :            Fernando
	Girl:             Heather
Rank:  160
	Boy :               Devon
	Girl:                Hope
Rank:  161
	Boy :              Alexis
	Girl:               Kylee
Rank:  162
	Boy :               Cesar
	Girl:             Alondra
Rank:  163
	Boy :              Damian
	Girl:              Gianna
Rank:  164
	Boy :              Manuel
	Girl:               Jamie
Rank:  165
	Boy :                 Max
	Girl:                Abby
Rank:  166
	Boy :               Jonah
	Girl:               Erika
Rank:  167
	Boy :                Levi
	Girl:              Karina
Rank:  168
	Boy :              Braden
	Girl:              Bianca
Rank:  169
	Boy :             Gregory
	Girl:               Naomi
Rank:  170
	Boy :           Johnathan
	Girl:            Brittany
Rank:  171
	Boy :               Mario
	Girl:             Juliana
Rank:  172
	Boy :               Nolan
	Girl:            Veronica
Rank:  173
	Boy :               Kaden
	Girl:             Natalia
Rank:  174
	Boy :               Micah
	Girl:              Meghan
Rank:  175
	Boy :               Edgar
	Girl:               Karla
Rank:  176
	Boy :            Mitchell
	Girl:             Cynthia
Rank:  177
	Boy :             Raymond
	Girl:             Mckenna
Rank:  178
	Boy :             Clayton
	Girl:             Chelsea
Rank:  179
	Boy :               Edwin
	Girl:             Bethany
Rank:  180
	Boy :             Trenton
	Girl:              Monica
Rank:  181
	Boy :               Corey
	Girl:             Delaney
Rank:  182
	Boy :               Erick
	Girl:              Payton
Rank:  183
	Boy :              Wesley
	Girl:              Jasmin
Rank:  184
	Boy :            Emmanuel
	Girl:             Shannon
Rank:  185
	Boy :               Scott
	Girl:            Julianna
Rank:  186
	Boy :              Sergio
	Girl:             Kristen
Rank:  187
	Boy :               Marco
	Girl:                Kyla
Rank:  188
	Boy :             Roberto
	Girl:              Peyton
Rank:  189
	Boy :              Dustin
	Girl:              Maggie
Rank:  190
	Boy :              Taylor
	Girl:              Nevaeh
Rank:  191
	Boy :             Donovan
	Girl:           Alejandra
Rank:  192
	Boy :              Martin
	Girl:              Hayley
Rank:  193
	Boy :              Dawson
	Girl:                Kate
Rank:  194
	Boy :              Hector
	Girl:               Hanna
Rank:  195
	Boy :              Cooper
	Girl:              Aubrey
Rank:  196
	Boy :              Conner
	Girl:             Kendall
Rank:  197
	Boy :                 Eli
	Girl:             Valeria
Rank:  198
	Boy :               Brett
	Girl:            Makenzie
Rank:  199
	Boy :            Harrison
	Girl:              Reagan
Rank:  200
	Boy :              Ashton
	Girl:               Ellie
Rank:  201
	Boy :              Dillon
	Girl:               Rylee
Rank:  202
	Boy :            Giovanni
	Girl:            Michaela
Rank:  203
	Boy :               Jakob
	Girl:              Aliyah
Rank:  204
	Boy :             Abraham
	Girl:           Charlotte
Rank:  205
	Boy :              Peyton
	Girl:           Esmeralda
Rank:  206
	Boy :                Alec
	Girl:               Carly
Rank:  207
	Boy :                Cade
	Girl:             Diamond
Rank:  208
	Boy :                Andy
	Girl:                Ruby
Rank:  209
	Boy :               Andre
	Girl:              Jazmin
Rank:  210
	Boy :             Malachi
	Girl:               Jayla
Rank:  211
	Boy :               Malik
	Girl:             Rebekah
Rank:  212
	Boy :              Damien
	Girl:               Sadie
Rank:  213
	Boy :                Trey
	Girl:              Brenda
Rank:  214
	Boy :                  Ty
	Girl:             Desiree
Rank:  215
	Boy :              Jaylen
	Girl:               Ariel
Rank:  216
	Boy :               Frank
	Girl:               Nadia
Rank:  217
	Boy :                Drew
	Girl:             Giselle
Rank:  218
	Boy :               Elias
	Girl:               Julie
Rank:  219
	Boy :               Ruben
	Girl:             Kaitlin
Rank:  220
	Boy :               Josue
	Girl:             Addison
Rank:  221
	Boy :              Calvin
	Girl:                Macy
Rank:  222
	Boy :                Zane
	Girl:            Adrianna
Rank:  223
	Boy :              Skyler
	Girl:                Kara
Rank:  224
	Boy :            Dominick
	Girl:             Claudia
Rank:  225
	Boy :               Pedro
	Girl:               Alana
Rank:  226
	Boy :             Phillip
	Girl:                Kyra
Rank:  227
	Boy :              Ronald
	Girl:              Kendra
Rank:  228
	Boy :             Griffin
	Girl:             Genesis
Rank:  229
	Boy :              Bryson
	Girl:             Jazmine
Rank:  230
	Boy :            Leonardo
	Girl:              Alison
Rank:  231
	Boy :               Trent
	Girl:               Holly
Rank:  232
	Boy :              Rafael
	Girl:               Elena
Rank:  233
	Boy :              Chance
	Girl:               Nancy
Rank:  234
	Boy :             Gerardo
	Girl:             Allyson
Rank:  235
	Boy :             Derrick
	Girl:             Savanna
Rank:  236
	Boy :              Johnny
	Girl:             Britney
Rank:  237
	Boy :              Darius
	Girl:               Raven
Rank:  238
	Boy :            Chandler
	Girl:               Elise
Rank:  239
	Boy :               Miles
	Girl:                 Eva
Rank:  240
	Boy :                Raul
	Girl:              Joanna
Rank:  241
	Boy :               Casey
	Girl:             Makenna
Rank:  242
	Boy :               Simon
	Girl:               Jaden
Rank:  243
	Boy :             Armando
	Girl:                Nina
Rank:  244
	Boy :                Kobe
	Girl:              Serena
Rank:  245
	Boy :               Avery
	Girl:           Guadalupe
Rank:  246
	Boy :               Allen
	Girl:              Fatima
Rank:  247
	Boy :              Marcos
	Girl:              Selena
Rank:  248
	Boy :               Keith
	Girl:              Haylee
Rank:  249
	Boy :                Troy
	Girl:              Vivian
Rank:  250
	Boy :             Enrique
	Girl:              Camryn
Rank:  251
	Boy :              Israel
	Girl:            Katelynn
Rank:  252
	Boy :              Donald
	Girl:              Cierra
Rank:  253
	Boy :              Keegan
	Girl:             Mallory
Rank:  254
	Boy :             Zackary
	Girl:               April
Rank:  255
	Boy :              Payton
	Girl:             Lindsay
Rank:  256
	Boy :               Julio
	Girl:             Cameron
Rank:  257
	Boy :               Dante
	Girl:             Mariana
Rank:  258
	Boy :               Jaime
	Girl:               Cindy
Rank:  259
	Boy :             Brenden
	Girl:             Liliana
Rank:  260
	Boy :             Kameron
	Girl:            Kathleen
Rank:  261
	Boy :               Lance
	Girl:               Wendy
Rank:  262
	Boy :             Alberto
	Girl:                Lucy
Rank:  263
	Boy :              Philip
	Girl:              Nayeli
Rank:  264
	Boy :               Brock
	Girl:           Josephine
Rank:  265
	Boy :             Gustavo
	Girl:           Anastasia
Rank:  266
	Boy :               Drake
	Girl:                Asia
Rank:  267
	Boy :               Jimmy
	Girl:             Camille
Rank:  268
	Boy :              Oliver
	Girl:                Zoey
Rank:  269
	Boy :            Jonathon
	Girl:             Cecilia
Rank:  270
	Boy :               Danny
	Girl:           Kassandra
Rank:  271
	Boy :              Fabian
	Girl:             Yesenia
Rank:  272
	Boy :               Louis
	Girl:              Skyler
Rank:  273
	Boy :              Mathew
	Girl:            Kristina
Rank:  274
	Boy :             Brennan
	Girl:            Ashleigh
Rank:  275
	Boy :                Cory
	Girl:              Sandra
Rank:  276
	Boy :                 Kai
	Girl:              Heaven
Rank:  277
	Boy :               Kyler
	Girl:                Kira
Rank:  278
	Boy :              Angelo
	Girl:             Kirsten
Rank:  279
	Boy :               Brody
	Girl:            Patricia
Rank:  280
	Boy :              Dennis
	Girl:             Katrina
Rank:  281
	Boy :                Jace
	Girl:               Josie
Rank:  282
	Boy :                Marc
	Girl:               Amaya
Rank:  283
	Boy :                Tony
	Girl:              Kailey
Rank:  284
	Boy :                Gary
	Girl:              Miriam
Rank:  285
	Boy :              Camden
	Girl:           Priscilla
Rank:  286
	Boy :               Roman
	Girl:                Tori
Rank:  287
	Boy :               Jerry
	Girl:             Tatiana
Rank:  288
	Boy :              Arturo
	Girl:             Bridget
Rank:  289
	Boy :                Saul
	Girl:               Layla
Rank:  290
	Boy :               Damon
	Girl:            Serenity
Rank:  291
	Boy :              Curtis
	Girl:            Carolina
Rank:  292
	Boy :              Corbin
	Girl:           Madeleine
Rank:  293
	Boy :               Randy
	Girl:            Mercedes
Rank:  294
	Boy :             Emanuel
	Girl:               Tessa
Rank:  295
	Boy :               Pablo
	Girl:                Tara
Rank:  296
	Boy :              Tucker
	Girl:              Jayden
Rank:  297
	Boy :             Lorenzo
	Girl:               Kiana
Rank:  298
	Boy :              Albert
	Girl:             Rachael
Rank:  299
	Boy :                Lane
	Girl:              Melody
Rank:  300
	Boy :            Theodore
	Girl:               Casey
Rank:  301
	Boy :               Myles
	Girl:              Alissa
Rank:  302
	Boy :              Darren
	Girl:              Esther
Rank:  303
	Boy :             Alfredo
	Girl:           Christine
Rank:  304
	Boy :              Bryant
	Girl:             Natasha
Rank:  305
	Boy :             Douglas
	Girl:              Carmen
Rank:  306
	Boy :               Larry
	Girl:               Clara
Rank:  307
	Boy :               Tyson
	Girl:              Lauryn
Rank:  308
	Boy :             Grayson
	Girl:             Celeste
Rank:  309
	Boy :                Chad
	Girl:              Alaina
Rank:  310
	Boy :               Jaxon
	Girl:               Paola
Rank:  311
	Boy :               Quinn
	Girl:               India
Rank:  312
	Boy :                 Joe
	Girl:             Bryanna
Rank:  313
	Boy :                Axel
	Girl:               Halle
Rank:  314
	Boy :             Maximus
	Girl:              Shayla
Rank:  315
	Boy :             Tristen
	Girl:               Annie
Rank:  316
	Boy :              Melvin
	Girl:              Alexus
Rank:  317
	Boy :               Lukas
	Girl:            Brittney
Rank:  318
	Boy :            Nickolas
	Girl:               Imani
Rank:  319
	Boy :               Ramon
	Girl:             Eleanor
Rank:  320
	Boy :                 Ali
	Girl:                 Nia
Rank:  321
	Boy :            Santiago
	Girl:              Denise
Rank:  322
	Boy :               Ayden
	Girl:               Heidi
Rank:  323
	Boy :             Ernesto
	Girl:              Dakota
Rank:  324
	Boy :             Zachery
	Girl:            Kayleigh
Rank:  325
	Boy :              Bailey
	Girl:              Sidney
Rank:  326
	Boy :          Maximilian
	Girl:                Anne
Rank:  327
	Boy :              Arthur
	Girl:              Marisa
Rank:  328
	Boy :             Russell
	Girl:              Brenna
Rank:  329
	Boy :          Kristopher
	Girl:               Logan
Rank:  330
	Boy :             Braxton
	Girl:           Annabelle
Rank:  331
	Boy :              Walter
	Girl:                Rose
Rank:  332
	Boy :              Jayson
	Girl:              Emilee
Rank:  333
	Boy :                Zion
	Girl:               Lilly
Rank:  334
	Boy :             Justice
	Girl:            Daniella
Rank:  335
	Boy :                 Jay
	Girl:              Callie
Rank:  336
	Boy :              Moises
	Girl:               Ciara
Rank:  337
	Boy :             Esteban
	Girl:                Dana
Rank:  338
	Boy :              Emilio
	Girl:                Ruth
Rank:  339
	Boy :              Ismael
	Girl:             Kassidy
Rank:  340
	Boy :                 Leo
	Girl:               Helen
Rank:  341
	Boy :              Dallas
	Girl:                Rosa
Rank:  342
	Boy :               Tommy
	Girl:            Clarissa
Rank:  343
	Boy :            Salvador
	Girl:            Cristina
Rank:  344
	Boy :               Ricky
	Girl:              Harley
Rank:  345
	Boy :            Lawrence
	Girl:              Kamryn
Rank:  346
	Boy :              Marvin
	Girl:              Annika
Rank:  347
	Boy :             Ezekiel
	Girl:               Fiona
Rank:  348
	Boy :             Micheal
	Girl:             Ashlynn
Rank:  349
	Boy :              Camron
	Girl:              Deanna
Rank:  350
	Boy :                Carl
	Girl:             Whitney
Rank:  351
	Boy :               Reece
	Girl:               Jadyn
Rank:  352
	Boy :             Quentin
	Girl:              Yasmin
Rank:  353
	Boy :            Mauricio
	Girl:              Ashlee
Rank:  354
	Boy :                Abel
	Girl:               Jenny
Rank:  355
	Boy :               Mateo
	Girl:              Hallie
Rank:  356
	Boy :              Brayan
	Girl:             Madalyn
Rank:  357
	Boy :              Jaheim
	Girl:            Meredith
Rank:  358
	Boy :               Isiah
	Girl:             Kristin
Rank:  359
	Boy :             Nikolas
	Girl:               Anahi
Rank:  360
	Boy :                Amir
	Girl:           Dominique
Rank:  361
	Boy :             Braeden
	Girl:               Eliza
Rank:  362
	Boy :             Jeffery
	Girl:                Lisa
Rank:  363
	Boy :               Brent
	Girl:             Paulina
Rank:  364
	Boy :               Jamal
	Girl:           Elisabeth
Rank:  365
	Boy :             Deandre
	Girl:                Eden
Rank:  366
	Boy :                 Jon
	Girl:             Carolyn
Rank:  367
	Boy :                Kade
	Girl:               Talia
Rank:  368
	Boy :            Marshall
	Girl:               Sasha
Rank:  369
	Boy :                Hugo
	Girl:            Virginia
Rank:  370
	Boy :             Branden
	Girl:               Laila
Rank:  371
	Boy :              Rodney
	Girl:               Allie
Rank:  372
	Boy :                Dean
	Girl:             Julissa
Rank:  373
	Boy :              Morgan
	Girl:              Hailee
Rank:  374
	Boy :             Orlando
	Girl:              Tamara
Rank:  375
	Boy :              Jaiden
	Girl:              Kaylie
Rank:  376
	Boy :              Cayden
	Girl:              Teresa
Rank:  377
	Boy :             Jarrett
	Girl:               Tiana
Rank:  378
	Boy :             Maurice
	Girl:              Ashton
Rank:  379
	Boy :               Craig
	Girl:             Georgia
Rank:  380
	Boy :               Terry
	Girl:              Alayna
Rank:  381
	Boy :              Weston
	Girl:              Gloria
Rank:  382
	Boy :               Chris
	Girl:                Iris
Rank:  383
	Boy :              Skylar
	Girl:              Marina
Rank:  384
	Boy :               Eddie
	Girl:               Angie
Rank:  385
	Boy :               Kolby
	Girl:               Aniya
Rank:  386
	Boy :               Reese
	Girl:               Carla
Rank:  387
	Boy :               Roger
	Girl:               Linda
Rank:  388
	Boy :               Conor
	Girl:             Gillian
Rank:  389
	Boy :              Jaylin
	Girl:               Jayda
Rank:  390
	Boy :              Keaton
	Girl:             Tabitha
Rank:  391
	Boy :               Davis
	Girl:              Raquel
Rank:  392
	Boy :                Kody
	Girl:               Tatum
Rank:  393
	Boy :             Rodrigo
	Girl:               Emely
Rank:  394
	Boy :              Trevon
	Girl:              Eliana
Rank:  395
	Boy :               Felix
	Girl:             Krystal
Rank:  396
	Boy :              Kelvin
	Girl:               Regan
Rank:  397
	Boy :           Zachariah
	Girl:           Genevieve
Rank:  398
	Boy :              Jessie
	Girl:             Marisol
Rank:  399
	Boy :              Jaylon
	Girl:            Kaitlynn
Rank:  400
	Boy :               Bobby
	Girl:               Kiley
Rank:  401
	Boy :             Brendon
	Girl:              Noelle
Rank:  402
	Boy :               Shaun
	Girl:             Justice
Rank:  403
	Boy :              Julius
	Girl:                Lexi
Rank:  404
	Boy :               Ahmad
	Girl:                 Ivy
Rank:  405
	Boy :           Guillermo
	Girl:               Lesly
Rank:  406
	Boy :               Javon
	Girl:              Baylee
Rank:  407
	Boy :              Walker
	Girl:           Francesca
Rank:  408
	Boy :                Aldo
	Girl:              Alisha
Rank:  409
	Boy :             Zackery
	Girl:             Monique
Rank:  410
	Boy :              Graham
	Girl:             America
Rank:  411
	Boy :             Quinton
	Girl:               Tania
Rank:  412
	Boy :              Holden
	Girl:              Aniyah
Rank:  413
	Boy :              Nelson
	Girl:            Izabella
Rank:  414
	Boy :               Issac
	Girl:                Gina
Rank:  415
	Boy :           Johnathon
	Girl:               Perla
Rank:  416
	Boy :               Jadon
	Girl:                Jane
Rank:  417
	Boy :             Charlie
	Girl:              Katlyn
Rank:  418
	Boy :                Clay
	Girl:             Madisyn
Rank:  419
	Boy :             Osvaldo
	Girl:               Renee
Rank:  420
	Boy :              Dorian
	Girl:             Carissa
Rank:  421
	Boy :                Rene
	Girl:             Haleigh
Rank:  422
	Boy :           Demetrius
	Girl:                Deja
Rank:  423
	Boy :              Khalil
	Girl:            Precious
Rank:  424
	Boy :               Billy
	Girl:              Martha
Rank:  425
	Boy :             Desmond
	Girl:                Sage
Rank:  426
	Boy :             Malcolm
	Girl:               Malia
Rank:  427
	Boy :            Reginald
	Girl:               Bella
Rank:  428
	Boy :           Frederick
	Girl:            Cheyanne
Rank:  429
	Boy :               Nasir
	Girl:               Marie
Rank:  430
	Boy :              Quincy
	Girl:              Alivia
Rank:  431
	Boy :               Silas
	Girl:              Jessie
Rank:  432
	Boy :              Damion
	Girl:               Amari
Rank:  433
	Boy :              Harley
	Girl:               Alina
Rank:  434
	Boy :              Blaine
	Girl:             Kaleigh
Rank:  435
	Boy :              Davion
	Girl:              Aurora
Rank:  436
	Boy :              Elliot
	Girl:           Jaqueline
Rank:  437
	Boy :              Willie
	Girl:              Phoebe
Rank:  438
	Boy :               Jonas
	Girl:                 Tia
Rank:  439
	Boy :              Declan
	Girl:             Kyleigh
Rank:  440
	Boy :                 Roy
	Girl:               Rylie
Rank:  441
	Boy :                Ezra
	Girl:               Itzel
Rank:  442
	Boy :            Terrance
	Girl:             Leilani
Rank:  443
	Boy :                 Sam
	Girl:             Madyson
Rank:  444
	Boy :                Adan
	Girl:               Alice
Rank:  445
	Boy :             Bennett
	Girl:              Alyson
Rank:  446
	Boy :              Gerald
	Girl:                Skye
Rank:  447
	Boy :                Reid
	Girl:             Viviana
Rank:  448
	Boy :            Jermaine
	Girl:               Piper
Rank:  449
	Boy :               Kenny
	Girl:            Gisselle
Rank:  450
	Boy :                Noel
	Girl:               Leila
Rank:  451
	Boy :               Uriel
	Girl:              Meagan
Rank:  452
	Boy :              Felipe
	Girl:                Nyla
Rank:  453
	Boy :              Tyrese
	Girl:             Ainsley
Rank:  454
	Boy :               Steve
	Girl:              Camila
Rank:  455
	Boy :           Nathanael
	Girl:             Mckayla
Rank:  456
	Boy :                Tate
	Girl:            Fernanda
Rank:  457
	Boy :            Kristian
	Girl:               Janet
Rank:  458
	Boy :                Dane
	Girl:              Emilie
Rank:  459
	Boy :            Emiliano
	Girl:           Jacquelyn
Rank:  460
	Boy :             Solomon
	Girl:             Karissa
Rank:  461
	Boy :             Kendall
	Girl:             Yasmine
Rank:  462
	Boy :               Tomas
	Girl:           Brooklynn
Rank:  463
	Boy :               Alvin
	Girl:               Reese
Rank:  464
	Boy :                 Noe
	Girl:               Paris
Rank:  465
	Boy :             Triston
	Girl:             Johanna
Rank:  466
	Boy :                Aden
	Girl:                Cora
Rank:  467
	Boy :               Bruce
	Girl:               Taryn
Rank:  468
	Boy :              Wilson
	Girl:                Nora
Rank:  469
	Boy :                Todd
	Girl:              Shania
Rank:  470
	Boy :               Cyrus
	Girl:               Abbey
Rank:  471
	Boy :            Franklin
	Girl:               Lacey
Rank:  472
	Boy :               Amari
	Girl:              Ayanna
Rank:  473
	Boy :               Moses
	Girl:              Krista
Rank:  474
	Boy :             Terrell
	Girl:               Macie
Rank:  475
	Boy :               Rylan
	Girl:               Susan
Rank:  476
	Boy :                Toby
	Girl:               Ellen
Rank:  477
	Boy :              Landen
	Girl:              Kaylin
Rank:  478
	Boy :               Allan
	Girl:                 Joy
Rank:  479
	Boy :             Rogelio
	Girl:            Kiersten
Rank:  480
	Boy :              Darian
	Girl:                Cara
Rank:  481
	Boy :              Hudson
	Girl:               Kiera
Rank:  482
	Boy :              Cedric
	Girl:             Janelle
Rank:  483
	Boy :              Jasper
	Girl:             Liberty
Rank:  484
	Boy :              Jaquan
	Girl:            Abbigail
Rank:  485
	Boy :               Asher
	Girl:                Anya
Rank:  486
	Boy :               Byron
	Girl:               Tamia
Rank:  487
	Boy :              Duncan
	Girl:             Araceli
Rank:  488
	Boy :             Tristin
	Girl:              Carley
Rank:  489
	Boy :              Jerome
	Girl:            Destinee
Rank:  490
	Boy :             Stanley
	Girl:             Mikaela
Rank:  491
	Boy :            Kendrick
	Girl:               Kasey
Rank:  492
	Boy :                Leon
	Girl:              Alanna
Rank:  493
	Boy :                Reed
	Girl:               Dulce
Rank:  494
	Boy :             Alfonso
	Girl:              Kierra
Rank:  495
	Boy :                Dale
	Girl:             Ryleigh
Rank:  496
	Boy :             Joaquin
	Girl:               Elisa
Rank:  497
	Boy :             Francis
	Girl:           Angelique
Rank:  498
	Boy :              Sawyer
	Girl:              Brandy
Rank:  499
	Boy :              Dayton
	Girl:            Maddison
Rank:  500
	Boy :                Coby
	Girl:              Stella
Rank:  501
	Boy :             Marquis
	Girl:               Litzy
Rank:  502
	Boy :              Kayden
	Girl:               Mayra
Rank:  503
	Boy :             Mohamed
	Girl:              Athena
Rank:  504
	Boy :             Rodolfo
	Girl:              Willow
Rank:  505
	Boy :              Ramiro
	Girl:               Kaley
Rank:  506
	Boy :                Beau
	Girl:             Charity
Rank:  507
	Boy :              Tyrone
	Girl:              Jaiden
Rank:  508
	Boy :               Ahmed
	Girl:              Lorena
Rank:  509
	Boy :                Joey
	Girl:               Anika
Rank:  510
	Boy :               Johan
	Girl:             Larissa
Rank:  511
	Boy :              Marlon
	Girl:              Kailee
Rank:  512
	Boy :               Deven
	Girl:              Sharon
Rank:  513
	Boy :               Ariel
	Girl:             Theresa
Rank:  514
	Boy :             Randall
	Girl:               Tiara
Rank:  515
	Boy :               Devan
	Girl:              Pamela
Rank:  516
	Boy :             Braydon
	Girl:               Irene
Rank:  517
	Boy :                 Lee
	Girl:               Sarai
Rank:  518
	Boy :               Rohan
	Girl:              Sylvia
Rank:  519
	Boy :               Trace
	Girl:            Madelynn
Rank:  520
	Boy :              Pierce
	Girl:               Janae
Rank:  521
	Boy :               Harry
	Girl:                 Ann
Rank:  522
	Boy :            Gilberto
	Girl:             Miracle
Rank:  523
	Boy :              Alonzo
	Girl:              Raegan
Rank:  524
	Boy :                Luca
	Girl:               Tyler
Rank:  525
	Boy :              Jaydon
	Girl:               Lucia
Rank:  526
	Boy :              Kaiden
	Girl:              Bailee
Rank:  527
	Boy :              Warren
	Girl:              Brandi
Rank:  528
	Boy :               Jamie
	Girl:              Elaina
Rank:  529
	Boy :                Jude
	Girl:              Jaclyn
Rank:  530
	Boy :                Ross
	Girl:                Ryan
Rank:  531
	Boy :            Mohammad
	Girl:               Sonia
Rank:  532
	Boy :              Tobias
	Girl:               Abbie
Rank:  533
	Boy :              Zander
	Girl:                Maia
Rank:  534
	Boy :             Elliott
	Girl:              Kelsie
Rank:  535
	Boy :             Omarion
	Girl:            Rhiannon
Rank:  536
	Boy :             Rolando
	Girl:             Shakira
Rank:  537
	Boy :              Tyrell
	Girl:              Jaelyn
Rank:  538
	Boy :                Wade
	Girl:             Marlene
Rank:  539
	Boy :               Wayne
	Girl:              Cassie
Rank:  540
	Boy :              Easton
	Girl:              Aileen
Rank:  541
	Boy :               Jayce
	Girl:             Joselyn
Rank:  542
	Boy :              Leonel
	Girl:             Marilyn
Rank:  543
	Boy :              Ulises
	Girl:              Emilia
Rank:  544
	Boy :               Mekhi
	Girl:                Alma
Rank:  545
	Boy :              Xander
	Girl:                Lena
Rank:  546
	Boy :             Darrell
	Girl:              Simone
Rank:  547
	Boy :                 Ben
	Girl:             Colleen
Rank:  548
	Boy :              Eugene
	Girl:              Jimena
Rank:  549
	Boy :                Will
	Girl:                Kaya
Rank:  550
	Boy :             Addison
	Girl:            Felicity
Rank:  551
	Boy :              Isaias
	Girl:                Kali
Rank:  552
	Boy :              Ronnie
	Girl:               Kaila
Rank:  553
	Boy :               Jarod
	Girl:               Kenya
Rank:  554
	Boy :              Kieran
	Girl:              Melina
Rank:  555
	Boy :              Jordon
	Girl:               Lexie
Rank:  556
	Boy :             Coleman
	Girl:               Aspen
Rank:  557
	Boy :              Gunnar
	Girl:                 Eve
Rank:  558
	Boy :            Terrence
	Girl:              Nataly
Rank:  559
	Boy :             Vicente
	Girl:             Barbara
Rank:  560
	Boy :            Ezequiel
	Girl:             Deborah
Rank:  561
	Boy :              Colten
	Girl:              Hunter
Rank:  562
	Boy :             Leonard
	Girl:              Carlie
Rank:  563
	Boy :             Deshawn
	Girl:              Lesley
Rank:  564
	Boy :              Izaiah
	Girl:                Isis
Rank:  565
	Boy :                Rudy
	Girl:             Maritza
Rank:  566
	Boy :              Adolfo
	Girl:               Aimee
Rank:  567
	Boy :              Jamari
	Girl:             Madilyn
Rank:  568
	Boy :              Kolton
	Girl:             Chasity
Rank:  569
	Boy :               Romeo
	Girl:              Daphne
Rank:  570
	Boy :              Garret
	Girl:               Tanya
Rank:  571
	Boy :            Mohammed
	Girl:               Edith
Rank:  572
	Boy :              Savion
	Girl:              Hailie
Rank:  573
	Boy :               Tyree
	Girl:            Adrienne
Rank:  574
	Boy :                Neil
	Girl:               Macey
Rank:  575
	Boy :                Sage
	Girl:            Julianne
Rank:  576
	Boy :           Dominique
	Girl:           Gwendolyn
Rank:  577
	Boy :             Dominik
	Girl:             Justine
Rank:  578
	Boy :              Alvaro
	Girl:             Arielle
Rank:  579
	Boy :                Koby
	Girl:             Felicia
Rank:  580
	Boy :              Jaxson
	Girl:             Shyanne
Rank:  581
	Boy :              Efrain
	Girl:                Ally
Rank:  582
	Boy :                 Ray
	Girl:               Brynn
Rank:  583
	Boy :             Brennen
	Girl:              Haylie
Rank:  584
	Boy :               Orion
	Girl:                Kaia
Rank:  585
	Boy :               Jaron
	Girl:               Reyna
Rank:  586
	Boy :              Harold
	Girl:              Lilian
Rank:  587
	Boy :              Keenan
	Girl:               Zaria
Rank:  588
	Boy :            Sterling
	Girl:              Judith
Rank:  589
	Boy :             Everett
	Girl:              Kailyn
Rank:  590
	Boy :              Ernest
	Girl:                Zoie
Rank:  591
	Boy :             Gilbert
	Girl:            Nathalie
Rank:  592
	Boy :               Davon
	Girl:            Juliette
Rank:  593
	Boy :            Humberto
	Girl:                 Luz
Rank:  594
	Boy :               Lewis
	Girl:               Noemi
Rank:  595
	Boy :           Salvatore
	Girl:               Clare
Rank:  596
	Boy :              Rashad
	Girl:              Janiya
Rank:  597
	Boy :                Mike
	Girl:              Tianna
Rank:  598
	Boy :             Agustin
	Girl:             Annette
Rank:  599
	Boy :               Titus
	Girl:              Helena
Rank:  600
	Boy :               Donte
	Girl:              Kaylyn
Rank:  601
	Boy :              Elisha
	Girl:             Savanah
Rank:  602
	Boy :                Jett
	Girl:              Juliet
Rank:  603
	Boy :              Darryl
	Girl:           Valentina
Rank:  604
	Boy :               Yahir
	Girl:             Chelsey
Rank:  605
	Boy :               Brice
	Girl:              Ximena
Rank:  606
	Boy :             Dashawn
	Girl:           Esperanza
Rank:  607
	Boy :              Julien
	Girl:              Thalia
Rank:  608
	Boy :             Lincoln
	Girl:                Mara
Rank:  609
	Boy :                Karl
	Girl:             Tatyana
Rank:  610
	Boy :              Darien
	Girl:              Hayden
Rank:  611
	Boy :                Kole
	Girl:              Violet
Rank:  612
	Boy :               River
	Girl:               Skyla
Rank:  613
	Boy :               Grady
	Girl:                Elle
Rank:  614
	Boy :              Dwayne
	Girl:                Tess
Rank:  615
	Boy :               Jamar
	Girl:                Nyah
Rank:  616
	Boy :             Phoenix
	Girl:              Breana
Rank:  617
	Boy :               Glenn
	Girl:               Jolie
Rank:  618
	Boy :              Cullen
	Girl:                Lila
Rank:  619
	Boy :               Kadin
	Girl:               Paula
Rank:  620
	Boy :             Jameson
	Girl:             Frances
Rank:  621
	Boy :              Alonso
	Girl:                Hana
Rank:  622
	Boy :               Jairo
	Girl:              Jazlyn
Rank:  623
	Boy :                Jair
	Girl:             Lisbeth
Rank:  624
	Boy :              Kareem
	Girl:              Teagan
Rank:  625
	Boy :                Keon
	Girl:               Laney
Rank:  626
	Boy :             Antoine
	Girl:             Cristal
Rank:  627
	Boy :               Elvis
	Girl:               Jaida
Rank:  628
	Boy :             Quintin
	Girl:              Regina
Rank:  629
	Boy :               Ralph
	Girl:               Aisha
Rank:  630
	Boy :             Devonte
	Girl:              Marley
Rank:  631
	Boy :              Junior
	Girl:               Alisa
Rank:  632
	Boy :               Moshe
	Girl:                Amya
Rank:  633
	Boy :          Cristopher
	Girl:               Haven
Rank:  634
	Boy :               Davin
	Girl:                Lara
Rank:  635
	Boy :           Nathanial
	Girl:             Isabela
Rank:  636
	Boy :              Gunner
	Girl:            Rosemary
Rank:  637
	Boy :            Roderick
	Girl:             Antonia
Rank:  638
	Boy :             Ignacio
	Girl:          Alessandra
Rank:  639
	Boy :                Kane
	Girl:              Elaine
Rank:  640
	Boy :                Cruz
	Girl:               Karli
Rank:  641
	Boy :              Freddy
	Girl:               Keely
Rank:  642
	Boy :             Keshawn
	Girl:               Micah
Rank:  643
	Boy :                Aron
	Girl:                 Nya
Rank:  644
	Boy :             Jamison
	Girl:              Yadira
Rank:  645
	Boy :               Irvin
	Girl:              Carlee
Rank:  646
	Boy :              Justus
	Girl:             Leticia
Rank:  647
	Boy :               Judah
	Girl:             Janessa
Rank:  648
	Boy :               Talon
	Girl:                Toni
Rank:  649
	Boy :              Shamar
	Girl:              Kaelyn
Rank:  650
	Boy :               Anton
	Girl:             Nichole
Rank:  651
	Boy :              Jagger
	Girl:               Celia
Rank:  652
	Boy :            Nehemiah
	Girl:               Kaiya
Rank:  653
	Boy :              Kamron
	Girl:              Lillie
Rank:  654
	Boy :              Markus
	Girl:              Carina
Rank:  655
	Boy :           Zechariah
	Girl:             Aracely
Rank:  656
	Boy :              Alfred
	Girl:               Cayla
Rank:  657
	Boy :              Derick
	Girl:             Corinne
Rank:  658
	Boy :             Ibrahim
	Girl:              Kenzie
Rank:  659
	Boy :            Muhammad
	Girl:              Mollie
Rank:  660
	Boy :            Garrison
	Girl:              Sydnee
Rank:  661
	Boy :            Marquise
	Girl:               Halie
Rank:  662
	Boy :              Stefan
	Girl:               Stacy
Rank:  663
	Boy :            Anderson
	Girl:              Karlee
Rank:  664
	Boy :              August
	Girl:              Sienna
Rank:  665
	Boy :               Devyn
	Girl:                 Lea
Rank:  666
	Boy :               Nigel
	Girl:               Anaya
Rank:  667
	Boy :              Daquan
	Girl:              Eileen
Rank:  668
	Boy :               Rhett
	Girl:                Lana
Rank:  669
	Boy :                Kurt
	Girl:                Tina
Rank:  670
	Boy :                 Asa
	Girl:             Harmony
Rank:  671
	Boy :            Reynaldo
	Girl:              Mariam
Rank:  672
	Boy :               Heath
	Girl:            Stephany
Rank:  673
	Boy :                Josh
	Girl:              Laurel
Rank:  674
	Boy :              Gordon
	Girl:               Amani
Rank:  675
	Boy :            Keyshawn
	Girl:               Donna
Rank:  676
	Boy :              Sidney
	Girl:             Mariela
Rank:  677
	Boy :             Donavan
	Girl:              Ansley
Rank:  678
	Boy :              Karson
	Girl:               Ebony
Rank:  679
	Boy :              Caiden
	Girl:              Leanna
Rank:  680
	Boy :             Raphael
	Girl:                Tyra
Rank:  681
	Boy :              Kellen
	Girl:               Kelli
Rank:  682
	Boy :              Jarred
	Girl:               Ayana
Rank:  683
	Boy :              Zakary
	Girl:               Jewel
Rank:  684
	Boy :              Alijah
	Girl:             Montana
Rank:  685
	Boy :              Porter
	Girl:              Melany
Rank:  686
	Boy :             Sheldon
	Girl:           Monserrat
Rank:  687
	Boy :              Howard
	Girl:             Taliyah
Rank:  688
	Boy :           Rigoberto
	Girl:             Adeline
Rank:  689
	Boy :               Layne
	Girl:              Jazmyn
Rank:  690
	Boy :             Octavio
	Girl:              Lizeth
Rank:  691
	Boy :            Clarence
	Girl:              Tayler
Rank:  692
	Boy :             Darnell
	Girl:            Giovanna
Rank:  693
	Boy :                Deon
	Girl:               Kathy
Rank:  694
	Boy :                Jean
	Girl:              Kianna
Rank:  695
	Boy :              Milton
	Girl:             Presley
Rank:  696
	Boy :              Misael
	Girl:               Brisa
Rank:  697
	Boy :              Dillan
	Girl:           Estefania
Rank:  698
	Boy :              Emmett
	Girl:               Arely
Rank:  699
	Boy :              Jaylan
	Girl:             Desirae
Rank:  700
	Boy :                Rory
	Girl:                Bria
Rank:  701
	Boy :              Brodie
	Girl:               Chaya
Rank:  702
	Boy :              Jabari
	Girl:            Estrella
Rank:  703
	Boy :            Demarcus
	Girl:               Joyce
Rank:  704
	Boy :             Greyson
	Girl:              Karlie
Rank:  705
	Boy :           Jefferson
	Girl:             Kennedi
Rank:  706
	Boy :              Kenyon
	Girl:             Jenifer
Rank:  707
	Boy :               Omari
	Girl:              Aubree
Rank:  708
	Boy :              Denzel
	Girl:              Shayna
Rank:  709
	Boy :         Maximillian
	Girl:             Delilah
Rank:  710
	Boy :              Gianni
	Girl:               Maeve
Rank:  711
	Boy :          Alessandro
	Girl:             Brielle
Rank:  712
	Boy :                 Ari
	Girl:           Annabella
Rank:  713
	Boy :              Darion
	Girl:               Ciera
Rank:  714
	Boy :              Jaeden
	Girl:                 Lia
Rank:  715
	Boy :           Alexandro
	Girl:            Penelope
Rank:  716
	Boy :               Keyon
	Girl:              Tierra
Rank:  717
	Boy :                Nico
	Girl:              Blanca
Rank:  718
	Boy :             Amarion
	Girl:              Yvette
Rank:  719
	Boy :              Dandre
	Girl:            Destiney
Rank:  720
	Boy :              Draven
	Girl:                Myah
Rank:  721
	Boy :                Gael
	Girl:              Shyann
Rank:  722
	Boy :               Kevon
	Girl:              Ingrid
Rank:  723
	Boy :              Keagan
	Girl:            Casandra
Rank:  724
	Boy :               Ryder
	Girl:             Damaris
Rank:  725
	Boy :              Santos
	Girl:               Quinn
Rank:  726
	Boy :                Isai
	Girl:              Sheila
Rank:  727
	Boy :             Clinton
	Girl:            Katarina
Rank:  728
	Boy :               Gaven
	Girl:                Maci
Rank:  729
	Boy :             Gonzalo
	Girl:               Aleah
Rank:  730
	Boy :              Camren
	Girl:               Alena
Rank:  731
	Boy :               Lamar
	Girl:            Annalise
Rank:  732
	Boy :              Jarrod
	Girl:             Maribel
Rank:  733
	Boy :            Geoffrey
	Girl:              Kayley
Rank:  734
	Boy :              Brycen
	Girl:           Margarita
Rank:  735
	Boy :              Roland
	Girl:                Aria
Rank:  736
	Boy :               Korey
	Girl:             Shaniya
Rank:  737
	Boy :              Brooks
	Girl:               Sydni
Rank:  738
	Boy :               Tariq
	Girl:             Candace
Rank:  739
	Boy :              Dallin
	Girl:            Kasandra
Rank:  740
	Boy :             Dangelo
	Girl:               Nikki
Rank:  741
	Boy :              Jahiem
	Girl:               Aliya
Rank:  742
	Boy :             Shannon
	Girl:             Cecelia
Rank:  743
	Boy :                Cale
	Girl:                 Gia
Rank:  744
	Boy :              Conrad
	Girl:               Lyric
Rank:  745
	Boy :             Frankie
	Girl:               Alize
Rank:  746
	Boy :            Thaddeus
	Girl:            Abigayle
Rank:  747
	Boy :             Xzavier
	Girl:              Janice
Rank:  748
	Boy :                Brad
	Girl:             Katelin
Rank:  749
	Boy :             Braiden
	Girl:            Marianna
Rank:  750
	Boy :             Quinten
	Girl:             Micaela
Rank:  751
	Boy :               Semaj
	Girl:               Iyana
Rank:  752
	Boy :            Abdullah
	Girl:              Yazmin
Rank:  753
	Boy :              Waylon
	Girl:              Carrie
Rank:  754
	Boy :              Austyn
	Girl:                Lola
Rank:  755
	Boy :                Baby
	Girl:               Greta
Rank:  756
	Boy :             Bernard
	Girl:              Susana
Rank:  757
	Boy :             Stephan
	Girl:               Frida
Rank:  758
	Boy :          Alexzander
	Girl:           Nicolette
Rank:  759
	Boy :              German
	Girl:               Salma
Rank:  760
	Boy :               Hamza
	Girl:               Sandy
Rank:  761
	Boy :              Kelton
	Girl:               Amira
Rank:  762
	Boy :               Perry
	Girl:              Arlene
Rank:  763
	Boy :               Rocco
	Girl:              Evelin
Rank:  764
	Boy :           Giancarlo
	Girl:              Dayana
Rank:  765
	Boy :              Hassan
	Girl:              Parker
Rank:  766
	Boy :              Jacoby
	Girl:               Elyse
Rank:  767
	Boy :             Ronaldo
	Girl:               Hazel
Rank:  768
	Boy :             Sincere
	Girl:               Lexus
Rank:  769
	Boy :              Travon
	Girl:              Stacey
Rank:  770
	Boy :             Emerson
	Girl:               Devin
Rank:  771
	Boy :           Guadalupe
	Girl:               Liana
Rank:  772
	Boy :              Reagan
	Girl:              Mattie
Rank:  773
	Boy :              Armani
	Girl:           Christian
Rank:  774
	Boy :                Cael
	Girl:              Makena
Rank:  775
	Boy :               Elmer
	Girl:              Reilly
Rank:  776
	Boy :               Jaren
	Girl:              Kellie
Rank:  777
	Boy :                Joan
	Girl:             Calista
Rank:  778
	Boy :               Jovan
	Girl:              Anissa
Rank:  779
	Boy :              Khalid
	Girl:              Celine
Rank:  780
	Boy :              Antony
	Girl:             Kaliyah
Rank:  781
	Boy :               Bruno
	Girl:             Shaylee
Rank:  782
	Boy :               Darin
	Girl:             Destini
Rank:  783
	Boy :                Shea
	Girl:               Kayli
Rank:  784
	Boy :              Gideon
	Girl:               Maura
Rank:  785
	Boy :            Tristian
	Girl:              Aiyana
Rank:  786
	Boy :             Darrius
	Girl:               Kacie
Rank:  787
	Boy :             Dimitri
	Girl:             Kaylynn
Rank:  788
	Boy :               Jamel
	Girl:            Lilliana
Rank:  789
	Boy :             Winston
	Girl:              Elissa
Rank:  790
	Boy :              Deonte
	Girl:              Jaylin
Rank:  791
	Boy :              Javion
	Girl:               Amara
Rank:  792
	Boy :              Jorden
	Girl:               Karly
Rank:  793
	Boy :              Matteo
	Girl:                Ayla
Rank:  794
	Boy :               Blaze
	Girl:               Dasia
Rank:  795
	Boy :             Estevan
	Girl:            Catalina
Rank:  796
	Boy :              Jovani
	Girl:              Iliana
Rank:  797
	Boy :              Reuben
	Girl:              Joslyn
Rank:  798
	Boy :                 Tre
	Girl:              Kendal
Rank:  799
	Boy :            Maverick
	Girl:              Carson
Rank:  800
	Boy :              Seamus
	Girl:                Shea
Rank:  801
	Boy :              Blaise
	Girl:              Taniya
Rank:  802
	Boy :                Finn
	Girl:               Jacey
Rank:  803
	Boy :           Heriberto
	Girl:               Belen
Rank:  804
	Boy :               Isaak
	Girl:             Lizette
Rank:  805
	Boy :               Clark
	Girl:               Rocio
Rank:  806
	Boy :               Keanu
	Girl:            Scarlett
Rank:  807
	Boy :                Milo
	Girl:             Fabiola
Rank:  808
	Boy :              Destin
	Girl:               Alysa
Rank:  809
	Boy :               Jordy
	Girl:               Jamya
Rank:  810
	Boy :              Norman
	Girl:           Katharine
Rank:  811
	Boy :                Chaz
	Girl:               Kenna
Rank:  812
	Boy :               Leroy
	Girl:            Gretchen
Rank:  813
	Boy :               Sonny
	Girl:               Rayna
Rank:  814
	Boy :             Ulysses
	Girl:             Annabel
Rank:  815
	Boy :              Korbin
	Girl:             Aryanna
Rank:  816
	Boy :              Dexter
	Girl:             Jaliyah
Rank:  817
	Boy :               Elian
	Girl:               Aliza
Rank:  818
	Boy :               Rowan
	Girl:               Ashly
Rank:  819
	Boy :             Braedon
	Girl:                Cali
Rank:  820
	Boy :            Deangelo
	Girl:             Christy
Rank:  821
	Boy :              Reilly
	Girl:                Elsa
Rank:  822
	Boy :              Austen
	Girl:              Ericka
Rank:  823
	Boy :               Ronan
	Girl:               Jalyn
Rank:  824
	Boy :              Justyn
	Girl:              Jaycee
Rank:  825
	Boy :             Trevion
	Girl:               Raina
Rank:  826
	Boy :             Treyton
	Girl:               Tracy
Rank:  827
	Boy :               Stone
	Girl:               Diane
Rank:  828
	Boy :              Adrien
	Girl:              Celina
Rank:  829
	Boy :                Dion
	Girl:               Kenia
Rank:  830
	Boy :            Fredrick
	Girl:               Robyn
Rank:  831
	Boy :                Nick
	Girl:               Devon
Rank:  832
	Boy :               Sammy
	Girl:             Emerson
Rank:  833
	Boy :             Brenton
	Girl:             Emmalee
Rank:  834
	Boy :                Earl
	Girl:                Miah
Rank:  835
	Boy :               Tylor
	Girl:             Denisse
Rank:  836
	Boy :               Yosef
	Girl:               Danna
Rank:  837
	Boy :               Keven
	Girl:              Jasmyn
Rank:  838
	Boy :              Kurtis
	Girl:              Savana
Rank:  839
	Boy :               Samir
	Girl:             Abigale
Rank:  840
	Boy :            Augustus
	Girl:              London
Rank:  841
	Boy :            Clifford
	Girl:              Jaidyn
Rank:  842
	Boy :              Lawson
	Girl:            Berenice
Rank:  843
	Boy :              Paxton
	Girl:             Madisen
Rank:  844
	Boy :               Vance
	Girl:              Bryana
Rank:  845
	Boy :               Dario
	Girl:             Essence
Rank:  846
	Boy :               Abram
	Girl:          Christiana
Rank:  847
	Boy :            Bernardo
	Girl:              Kaylah
Rank:  848
	Boy :              Jakobe
	Girl:               Robin
Rank:  849
	Boy :             Kennedy
	Girl:              Vanesa
Rank:  850
	Boy :              Nestor
	Girl:            Kourtney
Rank:  851
	Boy :             Deshaun
	Girl:             Makaila
Rank:  852
	Boy :             Forrest
	Girl:              Moriah
Rank:  853
	Boy :               Josef
	Girl:                Alia
Rank:  854
	Boy :              Marcel
	Girl:               Carol
Rank:  855
	Boy :              Nathen
	Girl:               Jaime
Rank:  856
	Boy :                Colt
	Girl:               Keyla
Rank:  857
	Boy :                Kian
	Girl:             Christa
Rank:  858
	Boy :              Tavion
	Girl:              Meadow
Rank:  859
	Boy :               Barry
	Girl:            Princess
Rank:  860
	Boy :               Gavyn
	Girl:              Rianna
Rank:  861
	Boy :              Shayne
	Girl:              Mireya
Rank:  862
	Boy :           Cornelius
	Girl:              Roxana
Rank:  863
	Boy :             Domenic
	Girl:               Anita
Rank:  864
	Boy :                Hugh
	Girl:             Brianne
Rank:  865
	Boy :              Aditya
	Girl:               Giana
Rank:  866
	Boy :               Benny
	Girl:             Beatriz
Rank:  867
	Boy :              Adonis
	Girl:             Jaylynn
Rank:  868
	Boy :                Bret
	Girl:            Patience
Rank:  869
	Boy :             Cordell
	Girl:             Tristan
Rank:  870
	Boy :              Stuart
	Girl:              Selina
Rank:  871
	Boy :               Aryan
	Girl:               Carli
Rank:  872
	Boy :               Jadyn
	Girl:             Dorothy
Rank:  873
	Boy :               Kylan
	Girl:               Joana
Rank:  874
	Boy :              London
	Girl:               Sally
Rank:  875
	Boy :             Marcelo
	Girl:              Hadley
Rank:  876
	Boy :                Nash
	Girl:              Sarahi
Rank:  877
	Boy :              Trever
	Girl:              Rebeca
Rank:  878
	Boy :                Fred
	Girl:             Shirley
Rank:  879
	Boy :             Houston
	Girl:          Alexandrea
Rank:  880
	Boy :              Irving
	Girl:              Jailyn
Rank:  881
	Boy :              Lamont
	Girl:            Priscila
Rank:  882
	Boy :             Latrell
	Girl:             Abagail
Rank:  883
	Boy :           Remington
	Girl:              Noelia
Rank:  884
	Boy :               Kelly
	Girl:              Maleah
Rank:  885
	Boy :             Oswaldo
	Girl:              Shreya
Rank:  886
	Boy :               Efren
	Girl:              Kallie
Rank:  887
	Boy :             Tyshawn
	Girl:              Elyssa
Rank:  888
	Boy :               Chaim
	Girl:              Sarina
Rank:  889
	Boy :              Jaheem
	Girl:              Ashtyn
Rank:  890
	Boy :              Nikhil
	Girl:               Dylan
Rank:  891
	Boy :              Samson
	Girl:             Lyndsey
Rank:  892
	Boy :                Glen
	Girl:                 Kya
Rank:  893
	Boy :              Layton
	Girl:                 Sky
Rank:  894
	Boy :              Pranav
	Girl:               Dalia
Rank:  895
	Boy :               Zaire
	Girl:             Darlene
Rank:  896
	Boy :              Arnold
	Girl:                Jana
Rank:  897
	Boy :             Malakai
	Girl:              Shawna
Rank:  898
	Boy :               Daryl
	Girl:               Jayde
Rank:  899
	Boy :               Fidel
	Girl:            Madalynn
Rank:  900
	Boy :               Javen
	Girl:             Yuliana
Rank:  901
	Boy :            Lisandro
	Girl:              Armani
Rank:  902
	Boy :               Alden
	Girl:             Jakayla
Rank:  903
	Boy :              Darwin
	Girl:              Maegan
Rank:  904
	Boy :                Kale
	Girl:             Maliyah
Rank:  905
	Boy :             Santino
	Girl:               Saige
Rank:  906
	Boy :              Lonnie
	Girl:               Sonya
Rank:  907
	Boy :               Dylon
	Girl:              Reanna
Rank:  908
	Boy :               Ellis
	Girl:              Samira
Rank:  909
	Boy :               Ethen
	Girl:              Alexys
Rank:  910
	Boy :            Raymundo
	Girl:               Devyn
Rank:  911
	Boy :             Stephon
	Girl:               Kelsi
Rank:  912
	Boy :             Carlton
	Girl:                Sade
Rank:  913
	Boy :               Duane
	Girl:              Sydnie
Rank:  914
	Boy :            Giovanny
	Girl:              Jalynn
Rank:  915
	Boy :                 Jan
	Girl:              Marlee
Rank:  916
	Boy :              Adriel
	Girl:                Myra
Rank:  917
	Boy :                Gino
	Girl:              Joelle
Rank:  918
	Boy :               Haden
	Girl:            Rachelle
Rank:  919
	Boy :                Zain
	Girl:            Yessenia
Rank:  920
	Boy :             Barrett
	Girl:               Akira
Rank:  921
	Boy :             Luciano
	Girl:             Isabell
Rank:  922
	Boy :             Marquez
	Girl:             Meaghan
Rank:  923
	Boy :             Mitchel
	Girl:               Norma
Rank:  924
	Boy :                 Rey
	Girl:                Rita
Rank:  925
	Boy :              Turner
	Girl:              Samara
Rank:  926
	Boy :              Vernon
	Girl:              Unique
Rank:  927
	Boy :              Zavier
	Girl:             Candice
Rank:  928
	Boy :               Gaige
	Girl:            Graciela
Rank:  929
	Boy :                 Guy
	Girl:               Kalyn
Rank:  930
	Boy :                 Luc
	Girl:              Paloma
Rank:  931
	Boy :              Maximo
	Girl:                Taya
Rank:  932
	Boy :              Rickey
	Girl:             Galilea
Rank:  933
	Boy :               Rylee
	Girl:               Kaela
Rank:  934
	Boy :              Vaughn
	Girl:             Melinda
Rank:  935
	Boy :              Antwan
	Girl:             Journey
Rank:  936
	Boy :               Cason
	Girl:                Katy
Rank:  937
	Boy :              Darrin
	Girl:              Yvonne
Rank:  938
	Boy :               Jamil
	Girl:              Anjali
Rank:  939
	Boy :               Kasey
	Girl:               Aylin
Rank:  940
	Boy :               Rahul
	Girl:             Breonna
Rank:  941
	Boy :              Aubrey
	Girl:               Keira
Rank:  942
	Boy :             Darrion
	Girl:               Mandy
Rank:  943
	Boy :              Eliseo
	Girl:               Ryann
Rank:  944
	Boy :             Mustafa
	Girl:                Baby
Rank:  945
	Boy :               Jamir
	Girl:               Janie
Rank:  946
	Boy :               Jevon
	Girl:               Amina
Rank:  947
	Boy :               Mikel
	Girl:             Jaylene
Rank:  948
	Boy :              Pierre
	Girl:                Mina
Rank:  949
	Boy :                Kent
	Girl:                Miya
Rank:  950
	Boy :                Neal
	Girl:               Dania
Rank:  951
	Boy :           Sabastian
	Girl:               Darby
Rank:  952
	Boy :                Syed
	Girl:               Luisa
Rank:  953
	Boy :             Trystan
	Girl:              Odalys
Rank:  954
	Boy :               Bilal
	Girl:              Deasia
Rank:  955
	Boy :                Eddy
	Girl:                Riya
Rank:  956
	Boy :              Gannon
	Girl:              Karley
Rank:  957
	Boy :              Jaquez
	Girl:            Estefany
Rank:  958
	Boy :               Kyree
	Girl:              Iyanna
Rank:  959
	Boy :               Maxim
	Girl:             Cadence
Rank:  960
	Boy :               Arjun
	Girl:             Citlali
Rank:  961
	Boy :              Jarvis
	Girl:                Kiya
Rank:  962
	Boy :              Jovany
	Girl:             Allyssa
Rank:  963
	Boy :              Bradyn
	Girl:              Alysha
Rank:  964
	Boy :               Carlo
	Girl:             Ireland
Rank:  965
	Boy :              Dontae
	Girl:            Marcella
Rank:  966
	Boy :                Jase
	Girl:               Chana
Rank:  967
	Boy :               Zayne
	Girl:              Trista
Rank:  968
	Boy :             Clifton
	Girl:              Dianna
Rank:  969
	Boy :              Cortez
	Girl:              Jaylyn
Rank:  970
	Boy :              Shemar
	Girl:                Jena
Rank:  971
	Boy :              Dwight
	Girl:                 Aja
Rank:  972
	Boy :                Kory
	Girl:              Alycia
Rank:  973
	Boy :             Devante
	Girl:            Jaquelin
Rank:  974
	Boy :             Herbert
	Girl:             Yolanda
Rank:  975
	Boy :                Kirk
	Girl:                Alex
Rank:  976
	Boy :             Osbaldo
	Girl:                Kari
Rank:  977
	Boy :              Trevin
	Girl:               Libby
Rank:  978
	Boy :                Zack
	Girl:              Nyasia
Rank:  979
	Boy :             Freddie
	Girl:               Abril
Rank:  980
	Boy :              Garett
	Girl:             Brionna
Rank:  981
	Boy :                Jeff
	Girl:              Aubrie
Rank:  982
	Boy :           Kristofer
	Girl:                Lina
Rank:  983
	Boy :              Prince
	Girl:               Loren
Rank:  984
	Boy :                  Bo
	Girl:           Magdalena
Rank:  985
	Boy :           Cristobal
	Girl:            Sheridan
Rank:  986
	Boy :             Eliezer
	Girl:            Estefani
Rank:  987
	Boy :             Giovani
	Girl:              Keeley
Rank:  988
	Boy :            Immanuel
	Girl:              Maryam
Rank:  989
	Boy :               Ryley
	Girl:            Chandler
Rank:  990
	Boy :            Sullivan
	Girl:             Jazmyne
Rank:  991
	Boy :               Lloyd
	Girl:            Jeanette
Rank:  992
	Boy :             Jovanni
	Girl:              Yareli
Rank:  993
	Boy :                Niko
	Girl:           Jackeline
Rank:  994
	Boy :               Alton
	Girl:              Johana
Rank:  995
	Boy :                 Ean
	Girl:               Juana
Rank:  996
	Boy :             Mariano
	Girl:            Kristine
Rank:  997
	Boy :               Raven
	Girl:               Amiya
Rank:  998
	Boy :              Yousef
	Girl:            Katerina
Rank:  999
	Boy :                 Don
	Girl:            Caitlynn
Rank: 1000
	Boy :            Fletcher
	Girl:             Emerald
